! ~~~~~~~~~~~~~~~~~~~~~~~~~~~~~~~~~~~~~~~~~~~~~~~~~~~~~~~~~~~~~~~~~~~~~~~~~
! 
! Log File with Human-Readable Information
! 
! Generated by KPP-3.3.0 symbolic chemistry Kinetics PreProcessor
!       (https:/github.com/KineticPreProcessor/KPP)
! KPP is distributed under GPL, the general public licence
!       (http://www.gnu.org/copyleft/gpl.html)
! (C) 1995-1997, V. Damian & A. Sandu, CGRER, Univ. Iowa
! (C) 1997-2022, A. Sandu, Michigan Tech, Virginia Tech
!     With important contributions from:
!        M. Damian,   Villanova University, Philadelphia, PA, USA
!        R. Sander,   Max-Planck Institute for Chemistry, Mainz, Germany
!        M. Long,     Renaissance Fiber, LLC, North Carolina, USA
!        H. Lin,      Harvard University, Cambridge, MA, USA
!        R. Yantosca, Harvard University, Cambridge, MA, USA
! 
! File                 : chemuci.log
! Equation file        : chemuci.kpp
! Output root filename : chemuci
! 
! ~~~~~~~~~~~~~~~~~~~~~~~~~~~~~~~~~~~~~~~~~~~~~~~~~~~~~~~~~~~~~~~~~~~~~~~~~



### Options -------------------------------------------

#DECLARE      - OFF
#DOUBLE       - ON
#DRIVER       - none
#DUMMYINDEX   - OFF
#EQNTAGS      - OFF
#FUNCTION     - AGGREGATE
#HESSIAN      - OFF
#INTEGRATOR   - rosenbrock
#JACOBIAN     - SPARSE_LU_ROW
#LANGUAGE     - Fortran90
#MEX          - OFF
#MINVERSION   - none
#REORDER      - ON
#STOCHASTIC   - OFF
#STOICMAT     - ON
#GRAPH        - edgelist
#UPPERCASEF90 - OFF

### Parameters ----------------------------------------

! NSPEC - Number of chemical species
  INTEGER, PARAMETER :: NSPEC = 55 
! NVAR - Number of Variable species
  INTEGER, PARAMETER :: NVAR = 46 
! NVARACT - Number of Active species
  INTEGER, PARAMETER :: NVARACT = 44 
! NFIX - Number of Fixed species
  INTEGER, PARAMETER :: NFIX = 9 
! NREACT - Number of reactions
  INTEGER, PARAMETER :: NREACT = 104 
! NVARST - Starting of variables in conc. vect.
  INTEGER, PARAMETER :: NVARST = 1 
! NFIXST - Starting of fixed in conc. vect.
  INTEGER, PARAMETER :: NFIXST = 47 

### Species -------------------------------------------

Variable species
   1 = ISOP_VBS (r)             17 = SO2 (r)                  33 = MVKO2 (r)              
   2 = C10H16 (r)               18 = C3H8 (r)                 34 = ROHO2 (r)              
   3 = E90 (r)                  19 = H2O2 (r)                 35 = C2H5O2 (r)             
   4 = SOAG0 (r)                20 = PAN (r)                  36 = ISOPO2 (r)             
   5 = SOAG15 (r)               21 = CH3COCH3 (r)             37 = MVKMACR (r)            
   6 = SOAG24 (r)               22 = CH4LNZ (r)               38 = CH3CHO (r)             
   7 = soa_a1 (r)               23 = DMS (r)                  39 = CH3CO3 (r)             
   8 = soa_a2 (r)               24 = N2O5 (r)                 40 = O3 (r)                 
   9 = soa_a3 (r)               25 = ISOP (r)                 41 = HO2 (r)                
  10 = H2SO4 (n)                26 = C2H4 (r)                 42 = CH3O2 (r)              
  11 = SOAG31 (n)               27 = HNO3 (r)                 43 = NO (r)                 
  12 = SOAG32 (r)               28 = HO2NO2 (r)               44 = NO2 (r)                
  13 = SOAG33 (r)               29 = CH3OOH (r)               45 = NO3 (r)                
  14 = SOAG34 (r)               30 = CO (r)                   46 = OH (r)                 
  15 = SOAG35 (r)               31 = C2H5OOH (r)            
  16 = C2H6 (r)                 32 = CH2O (r)               

Fixed species
   1 = M (r)                     5 = prsd_O3 (r)               9 = CH3CO (n)              
   2 = O2 (r)                    6 = prsd_NO3 (r)           
   3 = H2O (r)                   7 = prsd_OH (r)            
   4 = H2 (r)                    8 = H (n)                  

### Subroutines ---------------------------------------

SUBROUTINE Fun ( V, F, RCT, Vdot, Aout )
SUBROUTINE Fun_SPLIT ( V, F, RCT, Vdot, P_VAR, D_VAR, Aout )
SUBROUTINE CalcStoichNum ( StoichNum )
SUBROUTINE Jac_SP ( V, F, RCT, JVS )
SUBROUTINE Jac_SP_Vec ( JVS, UV, JUV )
SUBROUTINE JacTR_SP_Vec ( JVS, UV, JTUV )
SUBROUTINE KppSolve ( JVS, X )
SUBROUTINE KppSolveTR ( JVS, X, XX )
SUBROUTINE Initialize ( )
SUBROUTINE Shuffle_user2kpp ( V_USER, V )
SUBROUTINE Shuffle_kpp2user ( V, V_USER )
SUBROUTINE Update_PHOTO ( )
SUBROUTINE GetMass ( CL, Mass )
SUBROUTINE ReactantProd ( V, F, ARP )
SUBROUTINE JacReactantProd ( V, F, JVRP )
