! ~~~~~~~~~~~~~~~~~~~~~~~~~~~~~~~~~~~~~~~~~~~~~~~~~~~~~~~~~~~~~~~~~~~~~~~~~
! 
! Log File with Human-Readable Information
! 
! Generated by KPP-3.3.0 symbolic chemistry Kinetics PreProcessor
!       (https:/github.com/KineticPreProcessor/KPP)
! KPP is distributed under GPL, the general public licence
!       (http://www.gnu.org/copyleft/gpl.html)
! (C) 1995-1997, V. Damian & A. Sandu, CGRER, Univ. Iowa
! (C) 1997-2022, A. Sandu, Michigan Tech, Virginia Tech
!     With important contributions from:
!        M. Damian,   Villanova University, Philadelphia, PA, USA
!        R. Sander,   Max-Planck Institute for Chemistry, Mainz, Germany
!        M. Long,     Renaissance Fiber, LLC, North Carolina, USA
!        H. Lin,      Harvard University, Cambridge, MA, USA
!        R. Yantosca, Harvard University, Cambridge, MA, USA
! 
! File                 : CB05TUCl_EPA.log
! Equation file        : CB05TUCl_EPA.kpp
! Output root filename : CB05TUCl_EPA
! 
! ~~~~~~~~~~~~~~~~~~~~~~~~~~~~~~~~~~~~~~~~~~~~~~~~~~~~~~~~~~~~~~~~~~~~~~~~~



### Options -------------------------------------------

#DECLARE      - OFF
#DOUBLE       - ON
#DRIVER       - general
#DUMMYINDEX   - OFF
#EQNTAGS      - OFF
#FUNCTION     - AGGREGATE
#HESSIAN      - OFF
#INTEGRATOR   - rosenbrock
#JACOBIAN     - SPARSE_LU_ROW
#LANGUAGE     - Fortran90
#MEX          - ON
#MINVERSION   - none
#REORDER      - ON
#STOCHASTIC   - OFF
#STOICMAT     - ON
#GRAPH        - stoic
#UPPERCASEF90 - OFF

### Parameters ----------------------------------------

! NSPEC - Number of chemical species
  INTEGER, PARAMETER :: NSPEC = 86 
! NVAR - Number of Variable species
  INTEGER, PARAMETER :: NVAR = 82 
! NVARACT - Number of Active species
  INTEGER, PARAMETER :: NVARACT = 71 
! NFIX - Number of Fixed species
  INTEGER, PARAMETER :: NFIX = 4 
! NREACT - Number of reactions
  INTEGER, PARAMETER :: NREACT = 205 
! NVARST - Starting of variables in conc. vect.
  INTEGER, PARAMETER :: NVARST = 1 
! NFIXST - Starting of fixed in conc. vect.
  INTEGER, PARAMETER :: NFIXST = 83 

### Species -------------------------------------------

Variable species
   1 = BNZHRXN (n)              29 = FACD (r)                 57 = ETH (r)                
   2 = BNZNRXN (n)              30 = PACD (r)                 58 = TERP (r)               
   3 = BENZRO2 (r)              31 = PANX (r)                 59 = CRES (r)               
   4 = BENZENE (r)              32 = PNA (r)                  60 = IOLE (r)               
   5 = ISOPRXN (n)              33 = AACD (r)                 61 = OLE (r)                
   6 = SESQRXN (n)              34 = ETHA (r)                 62 = OPEN (r)               
   7 = SESQ (r)                 35 = MEOH (r)                 63 = XO2N (r)               
   8 = SULF (n)                 36 = CAT1 (r)                 64 = PAR (r)                
   9 = SULRXN (n)               37 = TOL (r)                  65 = ISOP (r)               
  10 = TOLHRXN (n)              38 = ETOH (r)                 66 = ISPD (r)               
  11 = TOLNRXN (n)              39 = CRON (r)                 67 = ALDX (r)               
  12 = TOLRO2 (r)               40 = HCO3 (r)                 68 = ALD2 (r)               
  13 = TRPRXN (n)               41 = ROOH (r)                 69 = FORM (r)               
  14 = XYLHRXN (n)              42 = HCL (r)                  70 = NTR (r)                
  15 = XYLNRXN (n)              43 = XYL (r)                  71 = O3 (r)                 
  16 = XYLRO2 (r)               44 = CLO (r)                  72 = OH (r)                 
  17 = CL2 (r)                  45 = FMCL (r)                 73 = XO2 (r)                
  18 = SO2 (r)                  46 = MEPX (r)                 74 = NO (r)                 
  19 = HOCL (r)                 47 = CRN2 (r)                 75 = C2O3 (r)               
  20 = OPAN (r)                 48 = OPO3 (r)                 76 = MEO2 (r)               
  21 = PAN (r)                  49 = ROR (r)                  77 = CL (r)                 
  22 = H2 (r)                   50 = TO2 (r)                  78 = O (r)                  
  23 = N2O5 (r)                 51 = CRO (r)                  79 = NO3 (r)                
  24 = O1D (r)                  52 = HNO3 (r)                 80 = CXO3 (r)               
  25 = O2 (r)                   53 = CAO2 (r)                 81 = NO2 (r)                
  26 = H2O2 (r)                 54 = CO (r)                   82 = HO2 (r)                
  27 = HONO (r)                 55 = MGLY (r)               
  28 = CRPX (r)                 56 = CRNO (r)               

Fixed species
   1 = H2O (r)                   3 = DUMMY (n)              
   2 = M (r)                     4 = CH4 (r)                

### Subroutines ---------------------------------------

SUBROUTINE Fun ( V, F, RCT, Vdot, Aout )
SUBROUTINE Fun_SPLIT ( V, F, RCT, Vdot, P_VAR, D_VAR, Aout )
SUBROUTINE CalcStoichNum ( StoichNum )
SUBROUTINE Jac_SP ( V, F, RCT, JVS )
SUBROUTINE Jac_SP_Vec ( JVS, UV, JUV )
SUBROUTINE JacTR_SP_Vec ( JVS, UV, JTUV )
SUBROUTINE KppSolve ( JVS, X )
SUBROUTINE KppSolveTR ( JVS, X, XX )
SUBROUTINE Initialize ( )
SUBROUTINE Shuffle_user2kpp ( V_USER, V )
SUBROUTINE Shuffle_kpp2user ( V, V_USER )
SUBROUTINE Update_PHOTO ( )
SUBROUTINE GetMass ( CL, Mass )
SUBROUTINE ReactantProd ( V, F, ARP )
SUBROUTINE JacReactantProd ( V, F, JVRP )
