! ~~~~~~~~~~~~~~~~~~~~~~~~~~~~~~~~~~~~~~~~~~~~~~~~~~~~~~~~~~~~~~~~~~~~~~~~~
! 
! Log File with Human-Readable Information
! 
! Generated by KPP-3.4.0 symbolic chemistry Kinetics PreProcessor
!       (https:/github.com/KineticPreProcessor/KPP)
! KPP is distributed under GPL, the general public licence
!       (http://www.gnu.org/copyleft/gpl.html)
! (C) 1995-1997, V. Damian & A. Sandu, CGRER, Univ. Iowa
! (C) 1997-2022, A. Sandu, Michigan Tech, Virginia Tech
!     With important contributions from:
!        M. Damian,   Villanova University, Philadelphia, PA, USA
!        R. Sander,   Max-Planck Institute for Chemistry, Mainz, Germany
!        M. Long,     Renaissance Fiber, LLC, North Carolina, USA
!        H. Lin,      Harvard University, Cambridge, MA, USA
!        R. Yantosca, Harvard University, Cambridge, MA, USA
!        P.O. Sturm,  Univ. of Southern California, Los Angeles, CA, USA
! 
! File                 : isoprene_full_v5.log
! Equation file        : isoprene_full_v5.def
! Output root filename : isoprene_full_v5
! 
! ~~~~~~~~~~~~~~~~~~~~~~~~~~~~~~~~~~~~~~~~~~~~~~~~~~~~~~~~~~~~~~~~~~~~~~~~~



### Options -------------------------------------------

#DECLARE      - OFF
#DOUBLE       - ON
#DRIVER       - general
#DUMMYINDEX   - OFF
#EQNTAGS      - OFF
#FUNCTION     - AGGREGATE
#HESSIAN      - OFF
#INTEGRATOR   - rosenbrock
#JACOBIAN     - SPARSE_LU_ROW
#LANGUAGE     - Fortran90
#MEX          - ON
#MINVERSION   - none
#REORDER      - ON
#STOCHASTIC   - OFF
#STOICMAT     - ON
#GRAPH        - edgelist
#UPPERCASEF90 - OFF

### Parameters ----------------------------------------

! NSPEC - Number of chemical species
  INTEGER, PARAMETER :: NSPEC = 397 
! NVAR - Number of Variable species
  INTEGER, PARAMETER :: NVAR = 386 
! NVARACT - Number of Active species
  INTEGER, PARAMETER :: NVARACT = 216 
! NFIX - Number of Fixed species
  INTEGER, PARAMETER :: NFIX = 11 
! NREACT - Number of reactions
  INTEGER, PARAMETER :: NREACT = 886 
! NVARST - Starting of variables in conc. vect.
  INTEGER, PARAMETER :: NVARST = 1 
! NFIXST - Starting of fixed in conc. vect.
  INTEGER, PARAMETER :: NFIXST = 387 

### Species -------------------------------------------

Variable species
   1 = ISOP (r)                130 = ISOP1N253OOH4OH (n)     259 = ISOP1OH2N (r)          
   2 = ciMVKOO (r)             131 = ISOP1N253CO4OH (n)      260 = ISOP4CO4OOH (r)        
   3 = ciMACROO (r)            132 = ISOP1N253OH4OH (n)      261 = ISOP1OOH4CO4OO (r)     
   4 = ISOP1N2OO3CO4OH (r)     133 = ISOP1N253OO4OHISOP1N4 (n) 262 = MPAN (r)               
   5 = ISOP1CO2N3OOH4OH (n)    134 = ISOP1N253OO4OHISOP1N2 (n) 263 = MACR1OO (r)            
   6 = ISOP1CO2OOH3N4OH (n)    135 = ISOP12O3OH4OOH (n)      264 = ISOP3CO4N (r)          
   7 = MGLY (n)                136 = ISOP1OOH2OH34O (n)      265 = ISOP3OH3R4N (r)        
   8 = GLYC (n)                137 = ISOP1N2OOH3N4OH (n)     266 = ISOP3OH4N (r)          
   9 = HCHO (n)                138 = PROPNN (n)              267 = MACR (r)               
  10 = GLYX (n)                139 = ISOP1N2OH3OO4OH (r)     268 = ISOP3OO4CO4OOH (r)     
  11 = HAC (n)                 140 = MACR2OOH3N (n)          269 = ISOP1OO4CO4OOH (r)     
  12 = ISOP1OH2OOH3N4CO (n)    141 = ISOP1N2OOH3OOH4OH (n)   270 = ISOP1OOH2R4CO (r)      
  13 = ISOP1OH2N3OOH4CO (n)    142 = ISOP1N2OOH3OH4N (n)     271 = ISOP3OO4CO (r)         
  14 = ISOP1OH2OOH3OOH4CO (n)  143 = ISOP1N2OOH3OH4OOH (n)   272 = ISOP1OO4COc (r)        
  15 = ISOP1CO2OOH3OOH4OH (n)  144 = ISOP1N2OH3N4OOH (n)     273 = ISOP1OH2OOH3R4OH (r)   
  16 = MACR2OOH3OH (n)         145 = ISOP1N2OH3OOH4OOH (n)   274 = ISOP1OH2R3OOH4OH (r)   
  17 = HPA (n)                 146 = ISOP1N2N3OH4OOH (n)     275 = ISOP1CO1R4OH (r)       
  18 = ISOP1OH2N3CO4OH (n)     147 = ISOP1OH2N3OOH4N (n)     276 = ISOP1N2OO3OOH4CO (r)   
  19 = ISOP3OH4OH (n)          148 = MVK3OOH4N (n)           277 = ISOP1N2OOH3OO4CO (r)   
  20 = ISOP1OH2OH (n)          149 = ISOP1OH2OOH3OOH4N (n)   278 = ISOP1CO2OOH3OO4N (r)   
  21 = ISOP1OH2OOH3CO4OH (n)   150 = ISOP1N2OH3OOH4N (n)     279 = ISOP1CO2OO3OOH4N (r)   
  22 = ISOP1OH4OH (n)          151 = ISOP1OOH2OH3OOH4N (n)   280 = ISOP1PAN4N (r)         
  23 = CH3OO (n)               152 = ISOP1OOH2N3OH4N (n)     281 = ISOP1CO1OO4N (r)       
  24 = CH3OH (n)               153 = ISOP1OOH2OOH3OH4N (n)   282 = ISOP1CO1R4N (r)        
  25 = ISOP1CO23O4OOH (n)      154 = ISOP1OOH2OH3N4N (n)     283 = ISOP1PAN4OH (r)        
  26 = MVK3OOH4CO4OOH (n)      155 = ISOP1N2N3OOH4OH (n)     284 = ISOP1CO1OO4OH (r)      
  27 = MACR2OOH3CO3OOH (n)     156 = ISOP1OH2OOH3N4N (n)     285 = ISOP1CO4OH (r)         
  28 = ISOP1CO2N3OOH4OOH (n)   157 = ISOP1N23O4CO (n)        286 = ISOP1OH2OO3OOH4CO (r)  
  29 = HPETHNL (n)             158 = ISOP1CO23O4N (n)        287 = ISOP1OH2OOH3OO4CO (r)  
  30 = ISOP1CO2OOH3N4OOH (n)   159 = ISOP1N2OH3CO4OOH (n)    288 = ISOP1OH4CO4R (r)       
  31 = ISOP1CO2OOH3OOH4OOH (n) 160 = ISOP12O3CO4N (n)        289 = MVK3OO4OH4OH (r)       
  32 = ISOP1CO2OOH3OOH4N (n)   161 = ISOP1OOH2R3CO4N (r)     290 = ISOP1CO2OH3OOH4OO (r)  
  33 = ISOP1OOH23O4CO (n)      162 = ISOP1N2OH3CO4N (n)      291 = ISOP1CO2OH3OO4OOH (r)  
  34 = ISOP1OOH2OOH3N4CO (n)   163 = ISOP1OH2OOH3CO4N (n)    292 = ISOP1CO2OH3R4OOH (r)   
  35 = ISOP1OOH2OOH3OOH4CO (n) 164 = NPA (n)                 293 = ISOP1CO2OOH3OO4OH (r)  
  36 = ISOP1OOH2N3OOH4CO (n)   165 = MVK3CO4N (n)            294 = ISOP1CO2OO3OOH4OH (r)  
  37 = ISOP1N2OOH3OOH4CO (n)   166 = ISOP1OH2N3CO4N (n)      295 = ISOP1OOH2R3OH4CO (r)   
  38 = ISOP1OOH23O3OH4N (n)    167 = ISOP1OH2OO3CO4N (r)     296 = ISOP1OO2OOH3OH4CO (r)  
  39 = ISOP1N2OOH34O4OH (n)    168 = ISOP12O3OH3R4N (r)      297 = ISOP1OOH2OO3OH4CO (r)  
  40 = ISOP1OH12O3OOH4N (n)    169 = ISOP12O3OH4N (r)        298 = HMHP (r)               
  41 = ISOP1CO2OOH3OOH4CO (n)  170 = ISOP1N2N3CO4OH (n)      299 = ciCH2OO (r)            
  42 = ISOP1OOH2OOH3CO4CO (n)  171 = ISOP1N4CO4OOH (n)       300 = HCOOH (r)              
  43 = HPAC (n)                172 = ISOP1N4CO4OH (n)        301 = MVKENOL (r)            
  44 = CH3CO3 (n)              173 = MACR2N3N (n)            302 = ISOP1N23O4OH4R (r)     
  45 = MVK3N4OH (r)            174 = ISOP1CO1OOH4N (n)       303 = ISOP1N23O4OH (r)       
  46 = MVK3OOH4OH (r)          175 = ISOP1CO1OH4N (n)        304 = ISOP1N2OOH3R4OH (r)    
  47 = MVK3OOH4OOH (r)         176 = MVK3N4N (n)             305 = ISOP1N2OH3R4OOH (r)    
  48 = MVK3OOH4OH4OH (n)       177 = C4NVP1 (r)              306 = ISOP1N2R3OH4OOH (r)    
  49 = MVK3OH4OOH (n)          178 = ISOP1N2OH3OOH4CO (n)    307 = ISOP1OH2R3OOH4N (r)    
  50 = MVK3N4OH4OH (n)         179 = ISOP1N2OH3N4CO (n)      308 = ISOP1OOH2R3OH4N (r)    
  51 = ETHLN (n)               180 = ISOP1CO2OOH3OH4N (n)    309 = ISOP1N2OO3OOH4OH (r)   
  52 = MVK3OH4N (r)            181 = ISOP1CO2N3OH4N (n)      310 = ISOP1N2OOH3OO4OH (r)   
  53 = MVK3OH4OO (r)           182 = ISOP1N2OOH3OH4OH (n)    311 = ISOP1N2OH3OOH4OO (r)   
  54 = MVK3OO4N (r)            183 = ISOP1OH2OH3OOH4N (n)    312 = ISOP1N2OH3OO4OOH (r)   
  55 = MACR2OH3OOH (n)         184 = ISOP1N2N3OH4OH (n)      313 = ISOP1OH2OOH3OO4N (r)   
  56 = MACR1OOH (n)            185 = ISOP1N2OO3OH4OH (r)     314 = ISOP1OH2OO3OOH4N (r)   
  57 = CH3COOCH2 (n)           186 = ISOP1OH2OH3N4N (n)      315 = ISOP1OO2OOH3OH4N (r)   
  58 = MACR1OH (n)             187 = ISOP1OH2OH3OO4N (r)     316 = ISOP1OOH2OO3OH4N (r)   
  59 = MACR2N3OH (n)           188 = ISOP1OH2OH3R4N (r)      317 = ISOP1OH4PAN (r)        
  60 = MACR2OH3N (n)           189 = ISOP1N2OH3OH4OOH (n)    318 = ISOP1OH4CO4OO (r)      
  61 = HMML (n)                190 = ISOP1OOH2OH3OH4N (n)    319 = ISOP1OH4CO (r)         
  62 = MPAN1OH2OOH (n)         191 = ISOP1N2OH3OH4N (n)      320 = ISOP1OOH2OH3R4N (r)    
  63 = ISOP1OH2OOH3OH4CO (n)   192 = ISOP1N2OH3OH4OO (r)     321 = ISOP1N4R4CO (r)        
  64 = ISOP1OH2OOH3OH4N (n)    193 = ISOP1OO2OH3OH4N (r)     322 = ISOP1N4PAN (r)         
  65 = ISOP1OH2N3OH4OOH (n)    194 = ISOP1N2OH (r)           323 = ISOP1N4CO4OO (r)       
  66 = ISOP1OH2OOH3OH4OOH (n)  195 = ISOP1CO1OH4OH (n)       324 = ISOP1OO2OH3OOH4CO (r)  
  67 = ISOP1OOH2OH3CO4OH (n)   196 = ISOP1OH4CO4OH (n)       325 = ISOP1OOH2OH3OO4CO (r)  
  68 = ISOP1OOH2OH34O4OH (n)   197 = ISOP1CO1OOH4OH (n)      326 = ISOP3OOH4CO (r)        
  69 = ISOP1N2OH3OOH4OH (n)    198 = ISOP1OH4CO4OOH (n)      327 = ISOP1CO2OO3OH4OOH (r)  
  70 = ISOP1OOH2OH3N4OH (n)    199 = CO (n)                  328 = ISOP1CO2OOH3OH4OO (r)  
  71 = ISOP1OOH2OH3OOH4OH (n)  200 = MACR3CO (r)             329 = ISOP1CO2OOH (r)        
  72 = ISOP1CO2OH3OOH4OH (n)   201 = MVK3CO4OH (r)           330 = ISOP1N2OOH (r)         
  73 = ISOP1OH2OOH3N4OH (n)    202 = ISOP1OH2OO3CO4OH (r)    331 = ISOP3OOH4N (r)         
  74 = ISOP1OH2OOH3OOH4OH (n)  203 = ISOP3CO4OH (r)          332 = ISOP1N2OOH3OH4OO (r)   
  75 = ISOP1OH12O3OOH4OH (n)   204 = MVK3OOH4CO (r)          333 = ISOP1N2OO3OH4OOH (r)   
  76 = ISOP1OH12O3OH4OOH (n)   205 = MACR2OOH3CO (r)         334 = ISOP1OH2OOH3OO4OH (r)  
  77 = ISOP1OH2N3OOH4OH (n)    206 = MACR2OOH3OOH (r)        335 = ISOP1OH2OO3OOH4OH (r)  
  78 = ISOP1OH2OOH34O4OH (n)   207 = MACR2OO3OH (r)          336 = ISOP3OOH4OH (r)        
  79 = ISOP1N2OOH3OH4CO (n)    208 = MACR2OH3OO (r)          337 = ISOP1OH2OOH (r)        
  80 = ISOP1CO2OH3OOH4N (n)    209 = HMMLx (r)               338 = ISOP1N4R4OH (r)        
  81 = ISOP1OOH2OH3CO4N (n)    210 = ISOP12O3OH3R4OH (r)     339 = ISOP1OO2OH3OOH4N (r)   
  82 = ISO1OH12O (n)           211 = ISOP12O3OH4OH (r)       340 = ISOP1OOH2OH3OO4N (r)   
  83 = ISOP1OH23O4CO (n)       212 = MACRENOL (r)            341 = ISOP1OOH4N (r)         
  84 = ISOP1CO23O4OH (n)       213 = C4HVP2 (r)              342 = ISOP1OH2OOH3OH4OO (r)  
  85 = ISOP1CO2OH34O (n)       214 = ISOP1CO2OH3OO4N (r)     343 = ISOP1OH2OO3OH4OOH (r)  
  86 = ISOP1OH2OH34O (r)       215 = ISOP1CO2OH3R4N (r)      344 = ISOP1OO2OH3OOH4OH (r)  
  87 = ISOP12O3OH4CO (n)       216 = ISOP1N2OH3OO4CO (r)     345 = ISOP1OOH2OH3OO4OH (r)  
  88 = ISOP12O3CO4OH (n)       217 = ISOP1CO2OO3OH4N (r)     346 = ISOP1N4OOH (r)         
  89 = ISOP1OH3OH4CO (n)       218 = ISOP1OH1R23O4N (r)      347 = ISOP1OH1R4N (r)        
  90 = ISOP1CO3OH4OH (n)       219 = ISOP1OH23O4N (r)        348 = ISOP1CO2OO3OOH4CO (r)  
  91 = ISOP1OH2OH3N4CO (n)     220 = ISOP1N2OH3CO4OO (r)     349 = ISOP1CO2OOH3OO4CO (r)  
  92 = ISOP1OH2OH3OOH4CO (n)   221 = ISOP1N2OH34O (r)        350 = ISOP1OOH4COc (r)       
  93 = ISOP1CO2OOH3OH4OH (n)   222 = MVK3OO4OH (r)           351 = ISOP1CO4N (r)          
  94 = ISOP1CO2N3OH4OH (n)     223 = MVK (r)                 352 = ISOP1CO4OOHc (r)       
  95 = ISOP1CO4CO (n)          224 = C4HVP1 (r)              353 = ISOP1N4CO (r)          
  96 = PPYRAC (n)              225 = ISOP1CO2OO (r)          354 = ISOP1N4OHc (r)         
  97 = PYRAC (n)               226 = ISOP1N2OO3OH4CO (r)     355 = ISOP1O4N (r)           
  98 = DHA (r)                 227 = ISOP1N2R3OH4CO (r)      356 = ISOP1OH4Nt (r)         
  99 = H2SO4 (n)               228 = ISOP1N2R3OH4OH (r)      357 = ISOP1N4OHt (r)         
 100 = H2O2 (n)                229 = MACR2OO3N (r)           358 = ISOP1OH4Nc (r)         
 101 = MACR3OH3OOH (n)         230 = C4NVP2 (r)              359 = ISOP1OOH4OHt (r)       
 102 = MVK3OH3OOH (n)          231 = CO2 (n)                 360 = ISOP1OOH4OHc (r)       
 103 = ISOP1CO2OOH3OH4CO (n)   232 = ISOP1CO1OOH2OO (r)      361 = ISOP1OOH2OOH3R4CO (r)  
 104 = ISOP1OH2OOH3CO4CO (n)   233 = ISOP1CO1OOH (r)         362 = ISOP1OH4OOHt (r)       
 105 = ISOP1CO2OH3OOH4CO (n)   234 = ISOP1CO1OOH4OO (r)      363 = ISOP1OH4OOHc (r)       
 106 = ISOP1OOH2OH3CO4CO (n)   235 = ISOP1CO1OO4OOH (r)      364 = ISOP1CO2R3OOH4OOH (r)  
 107 = ISOP1OH2N3OH4N (n)      236 = MPAN1OH2O (r)           365 = ISOP4OHc (r)           
 108 = ISOP1OH2OO3OH4N (r)     237 = MPAN1OH2OO (r)          366 = ISOP1OO2OOH3OOH4CO (r) 
 109 = ISOP1OH2N3N4OH (n)      238 = MPAN1OH (r)             367 = ISOP1OOH2OO3OOH4CO (r) 
 110 = ISOP1OH2N3OO4OH (r)     239 = MPAN1OHx (r)            368 = ISOP1OOH2OOH3OO4CO (r) 
 111 = ISOP1OH2OO3N4OH (r)     240 = MVK3OH4CO (r)           369 = ISOP1CO2OOH3OO4OOH (r) 
 112 = ISOP1CO2N3OH4OOH (n)    241 = MVK3OH4OH (r)           370 = ISOP1CO2OOH3OOH4OO (r) 
 113 = ISOP1OH2N3OH4OO (r)     242 = ISOP1CO2OO3OH4OH (r)    371 = ISOP1CO2OO3OOH4OOH (r) 
 114 = ISOP1N2OH3N4OH (n)      243 = ISOP1OH1R23O4OHc (r)    372 = ISOP4OHt (r)           
 115 = ISOP1OOH2OH3N4CO (n)    244 = ISOP1OH1R23O4OHt (r)    373 = ISOP1OO4OHt (r)        
 116 = ISOP1OO2OH3N4OH (r)     245 = MACR2OH3CO (r)          374 = ISOP1OO4OHc (r)        
 117 = ISOP1N2OOISOP1N2 (n)    246 = MACR2OH3OH (r)          375 = ISOP1OHt (r)           
 118 = ISOP3OO4NISOP1N2 (n)    247 = ISOP1OH2OH3OO4CO (r)    376 = ISOP1OHc (r)           
 119 = ISOP1OO4NISOP1N2 (n)    248 = ISOP1OH23O4R4OHc (r)    377 = ISOP1OH4OOc (r)        
 120 = ISOP1N2OOISOP1N4 (n)    249 = ISOP1OH23O4OHc (r)      378 = ISOP3OO4OH (r)         
 121 = ISOP1N4OOISOP1N4 (n)    250 = ISOP1OH23O4R4OHt (r)    379 = ISOP1OH2OO (r)         
 122 = ISOP3OO4NISOP1N4 (n)    251 = ISOP1OH23O4OHt (r)      380 = ISOP1OH4OOt (r)        
 123 = ISOP1OO4NISOP1N4 (n)    252 = ISOP1OH2N3R4OH (r)      381 = ISOP1N4O (r)           
 124 = ISOP1N2N (n)            253 = ISOP1OH2R3N4OH (r)      382 = ISOP1OO4N (r)          
 125 = ISOP1N4N (n)            254 = ISOP3N4OH (r)           383 = ISOP1N253OO4OH (r)     
 126 = ISOP3N4N (n)            255 = FAH (r)                 384 = ISOP1N2OO (r)          
 127 = ISOP1N253N4OH (n)       256 = HPMF (r)                385 = ISOP1N4OO (r)          
 128 = MACR4N (n)              257 = ISOP1CO3R4OOH (r)       386 = ISOP3OO4N (r)          
 129 = ISOP1N253O4OH (r)       258 = ISOP1CO4OOc (r)        

Fixed species
   1 = O2 (r)                    5 = NO2 (r)                   9 = H2Od (r)               
   2 = OH (r)                    6 = NO3 (r)                  10 = O3 (r)                 
   3 = HO2 (r)                   7 = MO2 (r)                  11 = SO2 (r)                
   4 = NO (r)                    8 = H2O (r)                

### Subroutines ---------------------------------------

SUBROUTINE Fun ( V, F, RCT, Vdot, Aout )
SUBROUTINE Fun_SPLIT ( V, F, RCT, Vdot, P_VAR, D_VAR, Aout )
SUBROUTINE CalcStoichNum ( StoichNum )
SUBROUTINE Jac_SP ( V, F, RCT, JVS )
SUBROUTINE Jac_SP_Vec ( JVS, UV, JUV )
SUBROUTINE JacTR_SP_Vec ( JVS, UV, JTUV )
SUBROUTINE KppSolve ( JVS, X )
SUBROUTINE KppSolveTR ( JVS, X, XX )
SUBROUTINE Initialize ( )
SUBROUTINE Shuffle_user2kpp ( V_USER, V )
SUBROUTINE Shuffle_kpp2user ( V, V_USER )
SUBROUTINE Update_PHOTO ( )
SUBROUTINE GetMass ( CL, Mass )
SUBROUTINE ReactantProd ( V, F, ARP )
SUBROUTINE JacReactantProd ( V, F, JVRP )
