! ~~~~~~~~~~~~~~~~~~~~~~~~~~~~~~~~~~~~~~~~~~~~~~~~~~~~~~~~~~~~~~~~~~~~~~~~~
! 
! Log File with Human-Readable Information
! 
! Generated by KPP-3.4.0 symbolic chemistry Kinetics PreProcessor
!       (https:/github.com/KineticPreProcessor/KPP)
! KPP is distributed under GPL, the general public licence
!       (http://www.gnu.org/copyleft/gpl.html)
! (C) 1995-1997, V. Damian & A. Sandu, CGRER, Univ. Iowa
! (C) 1997-2022, A. Sandu, Michigan Tech, Virginia Tech
!     With important contributions from:
!        M. Damian,   Villanova University, Philadelphia, PA, USA
!        R. Sander,   Max-Planck Institute for Chemistry, Mainz, Germany
!        M. Long,     Renaissance Fiber, LLC, North Carolina, USA
!        H. Lin,      Harvard University, Cambridge, MA, USA
!        R. Yantosca, Harvard University, Cambridge, MA, USA
!        P.O. Sturm,  Univ. of Southern California, Los Angeles, CA, USA
! 
! File                 : CBMZ.log
! Equation file        : CBMZ.kpp
! Output root filename : CBMZ
! 
! ~~~~~~~~~~~~~~~~~~~~~~~~~~~~~~~~~~~~~~~~~~~~~~~~~~~~~~~~~~~~~~~~~~~~~~~~~



### Options -------------------------------------------

#DECLARE      - OFF
#DOUBLE       - ON
#DRIVER       - general
#DUMMYINDEX   - OFF
#EQNTAGS      - OFF
#FUNCTION     - AGGREGATE
#HESSIAN      - OFF
#INTEGRATOR   - rosenbrock
#JACOBIAN     - SPARSE_LU_ROW
#LANGUAGE     - Fortran90
#MEX          - ON
#MINVERSION   - none
#REORDER      - ON
#STOCHASTIC   - OFF
#STOICMAT     - ON
#GRAPH        - stoic
#UPPERCASEF90 - OFF

### Parameters ----------------------------------------

! NSPEC - Number of chemical species
  INTEGER, PARAMETER :: NSPEC = 69 
! NVAR - Number of Variable species
  INTEGER, PARAMETER :: NVAR = 67 
! NVARACT - Number of Active species
  INTEGER, PARAMETER :: NVARACT = 56 
! NFIX - Number of Fixed species
  INTEGER, PARAMETER :: NFIX = 2 
! NREACT - Number of reactions
  INTEGER, PARAMETER :: NREACT = 142 
! NVARST - Starting of variables in conc. vect.
  INTEGER, PARAMETER :: NVARST = 1 
! NFIXST - Starting of fixed in conc. vect.
  INTEGER, PARAMETER :: NFIXST = 68 

### Species -------------------------------------------

Variable species
   1 = H2SO4 (r)                24 = CRO (r)                  47 = HCHO (r)               
   2 = HCl (r)                  25 = API (r)                  48 = XO2 (r)                
   3 = NH3 (r)                  26 = LIM (r)                  49 = AONE (r)               
   4 = HCOOH (n)                27 = HNO4 (r)                 50 = OLEI (r)               
   5 = RCOOH (n)                28 = C2H6 (r)                 51 = NAP (r)                
   6 = ARO1 (n)                 29 = TO2 (r)                  52 = ETHP (r)               
   7 = ARO2 (n)                 30 = XPAR (r)                 53 = MGLY (r)               
   8 = ALK1 (n)                 31 = CH3OOH (r)               54 = ALD2 (r)               
   9 = OLE1 (n)                 32 = HONO (r)                 55 = CH3O2 (r)              
  10 = API1 (n)                 33 = ETHOOH (r)               56 = ISOPRD (r)             
  11 = API2 (n)                 34 = ETH (r)                  57 = ONIT (r)               
  12 = LIM1 (n)                 35 = CH3OH (r)                58 = C2O3 (r)               
  13 = LIM2 (n)                 36 = CRES (r)                 59 = NO2 (r)                
  14 = DUMMY (n)                37 = O3P (r)                  60 = NO3 (r)                
  15 = SO2 (r)                  38 = HNO3 (r)                 61 = RO2 (r)                
  16 = O1D (r)                  39 = CO (r)                   62 = ANO2 (r)               
  17 = ANOL (r)                 40 = ISOPN (r)                63 = NO (r)                 
  18 = PAN (r)                  41 = PAR (r)                  64 = O3 (r)                 
  19 = H2O2 (r)                 42 = OPEN (r)                 65 = HO2 (r)                
  20 = TOL (r)                  43 = ISOPP (r)                66 = ROOH (r)               
  21 = N2O5 (r)                 44 = ISOPO2 (r)               67 = OH (r)                 
  22 = XYL (r)                  45 = OLET (r)               
  23 = CH4 (r)                  46 = ISOP (r)               

Fixed species
   1 = H2O (r)                   2 = M (r)                  

### Subroutines ---------------------------------------

SUBROUTINE Fun ( V, F, RCT, Vdot, Aout )
SUBROUTINE Fun_SPLIT ( V, F, RCT, Vdot, P_VAR, D_VAR, Aout )
SUBROUTINE CalcStoichNum ( StoichNum )
SUBROUTINE Jac_SP ( V, F, RCT, JVS )
SUBROUTINE Jac_SP_Vec ( JVS, UV, JUV )
SUBROUTINE JacTR_SP_Vec ( JVS, UV, JTUV )
SUBROUTINE KppSolve ( JVS, X )
SUBROUTINE KppSolveTR ( JVS, X, XX )
SUBROUTINE Initialize ( )
SUBROUTINE Shuffle_user2kpp ( V_USER, V )
SUBROUTINE Shuffle_kpp2user ( V, V_USER )
SUBROUTINE Update_PHOTO ( )
SUBROUTINE GetMass ( CL, Mass )
SUBROUTINE ReactantProd ( V, F, ARP )
SUBROUTINE JacReactantProd ( V, F, JVRP )
