! ~~~~~~~~~~~~~~~~~~~~~~~~~~~~~~~~~~~~~~~~~~~~~~~~~~~~~~~~~~~~~~~~~~~~~~~~~
! 
! Log File with Human-Readable Information
! 
! Generated by KPP-3.4.0 symbolic chemistry Kinetics PreProcessor
!       (https:/github.com/KineticPreProcessor/KPP)
! KPP is distributed under GPL, the general public licence
!       (http://www.gnu.org/copyleft/gpl.html)
! (C) 1995-1997, V. Damian & A. Sandu, CGRER, Univ. Iowa
! (C) 1997-2022, A. Sandu, Michigan Tech, Virginia Tech
!     With important contributions from:
!        M. Damian,   Villanova University, Philadelphia, PA, USA
!        R. Sander,   Max-Planck Institute for Chemistry, Mainz, Germany
!        M. Long,     Renaissance Fiber, LLC, North Carolina, USA
!        H. Lin,      Harvard University, Cambridge, MA, USA
!        R. Yantosca, Harvard University, Cambridge, MA, USA
!        P.O. Sturm,  Univ. of Southern California, Los Angeles, CA, USA
! 
! File                 : isoprene_full_v5_nofixedspc.log
! Equation file        : isoprene_full_v5_nofixedspc.def
! Output root filename : isoprene_full_v5_nofixedspc
! 
! ~~~~~~~~~~~~~~~~~~~~~~~~~~~~~~~~~~~~~~~~~~~~~~~~~~~~~~~~~~~~~~~~~~~~~~~~~



### Options -------------------------------------------

#DECLARE      - OFF
#DOUBLE       - ON
#DRIVER       - general
#DUMMYINDEX   - OFF
#EQNTAGS      - OFF
#FUNCTION     - AGGREGATE
#HESSIAN      - OFF
#INTEGRATOR   - rosenbrock
#JACOBIAN     - SPARSE_LU_ROW
#LANGUAGE     - Fortran90
#MEX          - ON
#MINVERSION   - none
#REORDER      - ON
#STOCHASTIC   - OFF
#STOICMAT     - ON
#GRAPH        - edgelist
#UPPERCASEF90 - OFF

### Parameters ----------------------------------------

! NSPEC - Number of chemical species
  INTEGER, PARAMETER :: NSPEC = 397 
! NVAR - Number of Variable species
  INTEGER, PARAMETER :: NVAR = 394 
! NVARACT - Number of Active species
  INTEGER, PARAMETER :: NVARACT = 224 
! NFIX - Number of Fixed species
  INTEGER, PARAMETER :: NFIX = 3 
! NREACT - Number of reactions
  INTEGER, PARAMETER :: NREACT = 886 
! NVARST - Starting of variables in conc. vect.
  INTEGER, PARAMETER :: NVARST = 1 
! NFIXST - Starting of fixed in conc. vect.
  INTEGER, PARAMETER :: NFIXST = 395 

### Species -------------------------------------------

Variable species
   1 = ISOP1CO2N3OOH4OH (n)    133 = ISOP1N2OH3OOH4N (n)     265 = ISOP1CO2OO3OOH4CO (r)  
   2 = ISOP1CO2OOH3N4OH (n)    134 = ISOP1OOH2OH3OOH4N (n)   266 = ISOP1CO2OOH3OO4CO (r)  
   3 = MGLY (n)                135 = ISOP1OOH2N3OH4N (n)     267 = ISOP1OH2OH34O (r)      
   4 = GLYC (n)                136 = ISOP1OOH2OOH3OH4N (n)   268 = MVK3OOH4OH (r)         
   5 = HCHO (n)                137 = ISOP1OOH2OH3N4N (n)     269 = MACR2OO3N (r)          
   6 = GLYX (n)                138 = ISOP1N2N3OOH4OH (n)     270 = MVK3OH4OH (r)          
   7 = HAC (n)                 139 = ISOP1OH2OOH3N4N (n)     271 = MVK3OO4N (r)           
   8 = ISOP1OH2OOH3N4CO (n)    140 = ISOP1N23O4CO (n)        272 = MVK3CO4OH (r)          
   9 = ISOP1OH2N3OOH4CO (n)    141 = ISOP1CO23O4N (n)        273 = MVKENOL (r)            
  10 = ISOP1OH2OOH3OOH4CO (n)  142 = ISOP1N2OH3CO4OOH (n)    274 = ciCH2OO (r)            
  11 = ISOP1CO2OOH3OOH4OH (n)  143 = ISOP12O3CO4N (n)        275 = ISOP1O4N (r)           
  12 = MACR2OOH3OH (n)         144 = ISOP1N2OH3CO4N (n)      276 = MACR2OOH3OOH (r)       
  13 = HPA (n)                 145 = ISOP1OH2OOH3CO4N (n)    277 = ISOP1OO2OOH3OH4N (r)   
  14 = ISOP1OH2N3CO4OH (n)     146 = NPA (n)                 278 = MPAN (r)               
  15 = ISOP3OH4OH (n)          147 = MVK3CO4N (n)            279 = ISOP12O3OH4OH (r)      
  16 = ISOP1OH2OH (n)          148 = ISOP1OH2N3CO4N (n)      280 = ISOP1OH2OO3OOH4CO (r)  
  17 = ISOP1OH2OOH3CO4OH (n)   149 = ISOP1N2N3CO4OH (n)      281 = ISOP1CO2OOH (r)        
  18 = ISOP1OH4OH (n)          150 = ISOP1N4CO4OOH (n)       282 = ISOP3OOH4CO (r)        
  19 = CH3OO (n)               151 = ISOP1N4CO4OH (n)        283 = ISOP1CO2OOH3OO4OH (r)  
  20 = CH3OH (n)               152 = MACR2N3N (n)            284 = ISOP1OH2N (r)          
  21 = ISOP1CO23O4OOH (n)      153 = ISOP1CO1OOH4N (n)       285 = ISOP3N4OH (r)          
  22 = MVK3OOH4CO4OOH (n)      154 = ISOP1CO1OH4N (n)        286 = ISOP1N2OO3OOH4OH (r)   
  23 = MACR2OOH3CO3OOH (n)     155 = MVK3N4N (n)             287 = ISOP1N2OH3OOH4OO (r)   
  24 = ISOP1CO2N3OOH4OOH (n)   156 = ISOP1N2OH3OOH4CO (n)    288 = ISOP1OH2OOH3OO4N (r)   
  25 = HPETHNL (n)             157 = ISOP1N2OH3N4CO (n)      289 = C4NVP1 (r)             
  26 = ISOP1CO2OOH3N4OOH (n)   158 = ISOP1CO2OOH3OH4N (n)    290 = MVK3OH4OO (r)          
  27 = ISOP1CO2OOH3OOH4OOH (n) 159 = ISOP1CO2N3OH4N (n)      291 = ISOP1OO2OH3OH4N (r)    
  28 = ISOP1CO2OOH3OOH4N (n)   160 = ISOP1N2OOH3OH4OH (n)    292 = MACR2OOH3CO (r)        
  29 = ISOP1OOH23O4CO (n)      161 = ISOP1OH2OH3OOH4N (n)    293 = ISOP1N2OH3OH4OO (r)    
  30 = ISOP1OOH2OOH3N4CO (n)   162 = ISOP1N2N3OH4OH (n)      294 = ISOP1N2OH3CO4OO (r)    
  31 = ISOP1OOH2OOH3OOH4CO (n) 163 = ISOP1OH2OH3N4N (n)      295 = ISOP1OH2N3OO4OH (r)    
  32 = ISOP1OOH2N3OOH4CO (n)   164 = ISOP1N2OH3OH4OOH (n)    296 = ISOP1OH2N3OH4OO (r)    
  33 = ISOP1N2OOH3OOH4CO (n)   165 = ISOP1OOH2OH3OH4N (n)    297 = ISOP1OH2OO3N4OH (r)    
  34 = ISOP1OOH23O3OH4N (n)    166 = ISOP1N2OH3OH4N (n)      298 = ISOP1OO2OH3N4OH (r)    
  35 = ISOP1N2OOH34O4OH (n)    167 = ISOP1CO1OH4OH (n)       299 = MACR2OH3OO (r)         
  36 = ISOP1OH12O3OOH4N (n)    168 = ISOP1OH4CO4OH (n)       300 = ISOP1N2OOH3OO4OH (r)   
  37 = ISOP1CO2OOH3OOH4CO (n)  169 = ISOP1CO1OOH4OH (n)      301 = ISOP1N2OH3OO4OOH (r)   
  38 = ISOP1OOH2OOH3CO4CO (n)  170 = ISOP1OH4CO4OOH (n)      302 = ISOP1OH2OO3OOH4N (r)   
  39 = HPAC (n)                171 = CO (n)                  303 = ISOP1OOH2OO3OH4N (r)   
  40 = CH3CO3 (n)              172 = MACR3CO (r)             304 = C4NVP2 (r)             
  41 = MVK3OOH4OH4OH (n)       173 = CO2 (n)                 305 = HCOOH (r)              
  42 = MVK3OH4OOH (n)          174 = ISOP1N2OO3OH4CO (r)     306 = ISOP3CO4OH (r)         
  43 = MVK3N4OH4OH (n)         175 = ISOP1CO2OH3OO4N (r)     307 = ISOP1OOH4COc (r)       
  44 = ETHLN (n)               176 = ISOP1CO1OO4OOH (r)      308 = MACR2OO3OH (r)         
  45 = MACR2OH3OOH (n)         177 = ISOP1CO1OOH4OO (r)      309 = ISOP1CO1OOH2OO (r)     
  46 = MACR1OOH (n)            178 = ISOP1CO1OOH (r)         310 = ISOP1OH2OO3CO4N (r)    
  47 = CH3COOCH2 (n)           179 = ISOP4CO4OOH (r)         311 = ISOP1OH2OH3OO4N (r)    
  48 = MACR1OH (n)             180 = ISOP1OOH4CO4OO (r)      312 = ISOP1CO2OO3OH4N (r)    
  49 = MACR2N3OH (n)           181 = ISOP1OO4CO4OOH (r)      313 = ISOP1N2OO3OH4OH (r)    
  50 = MACR2OH3N (n)           182 = SO2 (r)                 314 = MVK3OO4OH (r)          
  51 = HMML (n)                183 = ISOP1OOH2R3CO4N (r)     315 = ISOP3OOH4N (r)         
  52 = MPAN1OH2OOH (n)         184 = ISOP1CO1R4N (r)         316 = ISOP1OOH4N (r)         
  53 = ISOP1OH2OOH3OH4CO (n)   185 = ISOP1N4R4CO (r)         317 = C4HVP1 (r)             
  54 = ISOP1OH2OOH3OH4N (n)    186 = ISOP1CO1R4OH (r)        318 = ISOP1CO2OOH3OO4OOH (r) 
  55 = ISOP1OH2N3OH4OOH (n)    187 = ISOP1OH4CO4R (r)        319 = ISOP1CO2OOH3OOH4OO (r) 
  56 = ISOP1OH2OOH3OH4OOH (n)  188 = HMMLx (r)               320 = ISOP1CO2OO3OOH4OOH (r) 
  57 = ISOP1OOH2OH3CO4OH (n)   189 = MPAN1OH (r)             321 = ISOP1OOH2OO3OOH4CO (r) 
  58 = ISOP1OOH2OH34O4OH (n)   190 = ISOP1N2OO3OOH4CO (r)    322 = ISOP1OO2OOH3OOH4CO (r) 
  59 = ISOP1N2OH3OOH4OH (n)    191 = ISOP1N2OOH3OO4CO (r)    323 = ISOP1N2OH3OO4OH (r)    
  60 = ISOP1OOH2OH3N4OH (n)    192 = ISOP1CO2OOH3OO4N (r)    324 = ISOP1OH23O4OHt (r)     
  61 = ISOP1OOH2OH3OOH4OH (n)  193 = ISOP1CO2OO3OOH4N (r)    325 = ISOP1N2OH3OO4CO (r)    
  62 = ISOP1CO2OH3OOH4OH (n)   194 = MACR2OH3CO (r)          326 = ISOP1N2OOH (r)         
  63 = ISOP1OH2OOH3N4OH (n)    195 = ISOP1CO2OH3R4OOH (r)    327 = ISOP1N4OOH (r)         
  64 = ISOP1OH2OOH3OOH4OH (n)  196 = ISOP1CO2OO (r)          328 = ISOP1OH23O4OHc (r)     
  65 = ISOP1OH12O3OOH4OH (n)   197 = ISOP1OOH2R3OH4CO (r)    329 = ISOP1OH2OOH (r)        
  66 = ISOP1OH12O3OH4OOH (n)   198 = ISOP3OO4CO (r)          330 = ISOP1OH2OO3OH4N (r)    
  67 = ISOP1OH2N3OOH4OH (n)    199 = MPAN1OH2O (r)           331 = ISOP3OH4N (r)          
  68 = ISOP1OH2OOH34O4OH (n)   200 = MVK3OH4CO (r)           332 = ISOP1OOH2OOH3OO4CO (r) 
  69 = ISOP1N2OOH3OH4CO (n)    201 = ISOP1CO3R4OOH (r)       333 = ISOP1N4O (r)           
  70 = ISOP1CO2OH3OOH4N (n)    202 = ISOP1CO2OH3OOH4OO (r)   334 = ISOP1CO4OOHc (r)       
  71 = ISOP1OOH2OH3CO4N (n)    203 = ISOP1OOH2R4CO (r)       335 = ISOP1CO1OO4OH (r)      
  72 = ISO1OH12O (n)           204 = ISOP1OO2OOH3OH4CO (r)   336 = ISOP1OH2OO3OOH4OH (r)  
  73 = ISOP1OH23O4CO (n)       205 = ISOP12O3OH3R4N (r)      337 = ISOP1OH2OOH3OO4OH (r)  
  74 = ISOP1CO23O4OH (n)       206 = ISOP1PAN4OH (r)         338 = ISOP1OH2OOH3OH4OO (r)  
  75 = ISOP1CO2OH34O (n)       207 = ISOP1OH4PAN (r)         339 = ISOP1OH2OO3OH4OOH (r)  
  76 = ISOP12O3OH4CO (n)       208 = ISOP1CO2R3OOH4OOH (r)   340 = ISOP1OH4OOHc (r)       
  77 = ISOP12O3CO4OH (n)       209 = ISOP1OOH2OOH3R4CO (r)   341 = ISOP1OH4OOHt (r)       
  78 = ISOP1OH3OH4CO (n)       210 = MPAN1OHx (r)            342 = ISOP1CO1OO4N (r)       
  79 = ISOP1CO3OH4OH (n)       211 = ISOP1PAN4N (r)          343 = ISOP1OO2OH3OOH4OH (r)  
  80 = ISOP1OH2OH3N4CO (n)     212 = ISOP1N4PAN (r)          344 = ISOP1OOH2OH3OO4OH (r)  
  81 = ISOP1OH2OH3OOH4CO (n)   213 = ISOP1N2R3OH4CO (r)      345 = ISOP1N4CO4OO (r)       
  82 = ISOP1CO2OOH3OH4OH (n)   214 = ISOP1CO2OH3R4N (r)      346 = ISOP1N2OOH3OH4OO (r)   
  83 = ISOP1CO2N3OH4OH (n)     215 = ISOP1OH23O4R4OHc (r)    347 = ISOP1N2OO3OH4OOH (r)   
  84 = ISOP1CO4CO (n)          216 = ISOP1OH1R23O4OHt (r)    348 = ISOP1OO2OH3OOH4N (r)   
  85 = PPYRAC (n)              217 = ISOP12O3OH3R4OH (r)     349 = ISOP1OOH2OH3OO4N (r)   
  86 = PYRAC (n)               218 = DHA (r)                 350 = MPAN1OH2OO (r)         
  87 = H2SO4 (n)               219 = ISOP1OH23O4R4OHt (r)    351 = ISOP3OOH4OH (r)        
  88 = H2O2 (n)                220 = ISOP1OH1R23O4OHc (r)    352 = ISOP1CO2OO3OH4OH (r)   
  89 = MACR3OH3OOH (n)         221 = FAH (r)                 353 = ISOP1OH2OH3OO4CO (r)   
  90 = ciMACROO (r)            222 = ISOP1CO2OH3OO4OOH (r)   354 = ISOP1N2OH (r)          
  91 = MVK3OH3OOH (n)          223 = ISOP1OOH2OO3OH4CO (r)   355 = ISOP1OH2OOH3OO4CO (r)  
  92 = ciMVKOO (r)             224 = ISOP1N23O4OH (r)        356 = ISOP1CO2OO3OOH4OH (r)  
  93 = ISOP1CO2OOH3OH4CO (n)   225 = ISOP1N2R3OH4OOH (r)     357 = ISOP3CO4N (r)          
  94 = ISOP1OH2OOH3CO4CO (n)   226 = ISOP1OH23O4N (r)        358 = ISOP1OH4CO4OO (r)      
  95 = ISOP1CO2OH3OOH4CO (n)   227 = ISOP1OOH2OH3R4N (r)     359 = ISOP1OOH4OHc (r)       
  96 = ISOP1OOH2OH3CO4CO (n)   228 = MVK3OOH4CO (r)          360 = ISOP3OO4CO4OOH (r)     
  97 = ISOP1OH2N3OH4N (n)      229 = ISOP3OH3R4N (r)         361 = ISOP1OOH4OHt (r)       
  98 = ISOP1OH2N3N4OH (n)      230 = HPMF (r)                362 = ISOP1OH4Nc (r)         
  99 = ISOP1CO2N3OH4OOH (n)    231 = HMHP (r)                363 = ISOP1OH4Nt (r)         
 100 = ISOP1N2OH3N4OH (n)      232 = ISOP1CO4OOc (r)         364 = C4HVP2 (r)             
 101 = ISOP1OOH2OH3N4CO (n)    233 = ISOP1CO2OO3OH4OOH (r)   365 = MVK3OO4OH4OH (r)       
 102 = ISOP1N2OOISOP1N2 (n)    234 = ISOP1CO2OOH3OH4OO (r)   366 = ISOP (r)               
 103 = ISOP3OO4NISOP1N2 (n)    235 = ISOP1OH2OH3R4N (r)      367 = ISOP1N4OHc (r)         
 104 = ISOP1OO4NISOP1N2 (n)    236 = ISOP1OO4COc (r)         368 = ISOP1N4OHt (r)         
 105 = ISOP1N2OOISOP1N4 (n)    237 = ISOP1OOH2OH3OO4CO (r)   369 = ISOP1CO4N (r)          
 106 = ISOP1N4OOISOP1N4 (n)    238 = ISOP1OO2OH3OOH4CO (r)   370 = ISOP1OH4CO (r)         
 107 = ISOP3OO4NISOP1N4 (n)    239 = ISOP1N2R3OH4OH (r)      371 = ISOP1CO4OH (r)         
 108 = ISOP1OO4NISOP1N4 (n)    240 = ISOP1OH2N3R4OH (r)      372 = MACR1OO (r)            
 109 = ISOP1N2N (n)            241 = ISOP1OH2R3N4OH (r)      373 = ISOP1OH2OO3CO4OH (r)   
 110 = ISOP1N4N (n)            242 = ISOP1N2OOH3R4OH (r)     374 = ISOP1N4CO (r)          
 111 = ISOP3N4N (n)            243 = ISOP1N2OH3R4OOH (r)     375 = MVK (r)                
 112 = ISOP1N253N4OH (n)       244 = ISOP1N2OH34O (r)        376 = ISOP1OO4OHt (r)        
 113 = MACR4N (n)              245 = ISOP1OH2R3OOH4N (r)     377 = ISOP1OH4OOc (r)        
 114 = ISOP1N253OOH4OH (n)     246 = ISOP1OOH2R3OH4N (r)     378 = ISOP1OO4OHc (r)        
 115 = ISOP1N253CO4OH (n)      247 = ISOP12O3OH4N (r)        379 = ISOP3OO4OH (r)         
 116 = ISOP1N253OH4OH (n)      248 = MVK3OOH4OOH (r)         380 = ISOP1OH4OOt (r)        
 117 = ISOP1N253OO4OHISOP1N4 (n) 249 = MVK3N4OH (r)            381 = ISOP1OH2OO (r)         
 118 = ISOP1N253OO4OHISOP1N2 (n) 250 = ISOP1N253O4OH (r)       382 = MACR (r)               
 119 = ISOP12O3OH4OOH (n)      251 = MACR2OH3OH (r)          383 = NO2 (r)                
 120 = ISOP1OOH2OH34O (n)      252 = ISOP1N2OO3CO4OH (r)     384 = ISOP1N253OO4OH (r)     
 121 = ISOP1N2OOH3N4OH (n)     253 = ISOP4OHt (r)            385 = ISOP1OO4N (r)          
 122 = PROPNN (n)              254 = MVK3OH4N (r)            386 = NO3 (r)                
 123 = MACR2OOH3N (n)          255 = ISOP1OH2OOH3R4OH (r)    387 = ISOP1N2OO (r)          
 124 = ISOP1N2OOH3OOH4OH (n)   256 = ISOP1OH2R3OOH4OH (r)    388 = OH (r)                 
 125 = ISOP1N2OOH3OH4N (n)     257 = ISOP4OHc (r)            389 = HO2 (r)                
 126 = ISOP1N2OOH3OH4OOH (n)   258 = ISOP1OH1R23O4N (r)      390 = O3 (r)                 
 127 = ISOP1N2OH3N4OOH (n)     259 = MACRENOL (r)            391 = ISOP3OO4N (r)          
 128 = ISOP1N2OH3OOH4OOH (n)   260 = ISOP1OHt (r)            392 = MO2 (r)                
 129 = ISOP1N2N3OH4OOH (n)     261 = ISOP1OHc (r)            393 = ISOP1N4OO (r)          
 130 = ISOP1OH2N3OOH4N (n)     262 = ISOP1N23O4OH4R (r)      394 = NO (r)                 
 131 = MVK3OOH4N (n)           263 = ISOP1N4R4OH (r)        
 132 = ISOP1OH2OOH3OOH4N (n)   264 = ISOP1OH1R4N (r)        

Fixed species
   1 = O2 (r)                    3 = H2Od (r)               
   2 = H2O (r)                

### Subroutines ---------------------------------------

SUBROUTINE Fun ( V, F, RCT, Vdot, Aout )
SUBROUTINE Fun_SPLIT ( V, F, RCT, Vdot, P_VAR, D_VAR, Aout )
SUBROUTINE CalcStoichNum ( StoichNum )
SUBROUTINE Jac_SP ( V, F, RCT, JVS )
SUBROUTINE Jac_SP_Vec ( JVS, UV, JUV )
SUBROUTINE JacTR_SP_Vec ( JVS, UV, JTUV )
SUBROUTINE KppSolve ( JVS, X )
SUBROUTINE KppSolveTR ( JVS, X, XX )
SUBROUTINE Initialize ( )
SUBROUTINE Shuffle_user2kpp ( V_USER, V )
SUBROUTINE Shuffle_kpp2user ( V, V_USER )
SUBROUTINE Update_PHOTO ( )
SUBROUTINE GetMass ( CL, Mass )
SUBROUTINE ReactantProd ( V, F, ARP )
SUBROUTINE JacReactantProd ( V, F, JVRP )
