! ~~~~~~~~~~~~~~~~~~~~~~~~~~~~~~~~~~~~~~~~~~~~~~~~~~~~~~~~~~~~~~~~~~~~~~~~~
! 
! Log File with Human-Readable Information
! 
! Generated by KPP-3.4.0 symbolic chemistry Kinetics PreProcessor
!       (https:/github.com/KineticPreProcessor/KPP)
! KPP is distributed under GPL, the general public licence
!       (http://www.gnu.org/copyleft/gpl.html)
! (C) 1995-1997, V. Damian & A. Sandu, CGRER, Univ. Iowa
! (C) 1997-2022, A. Sandu, Michigan Tech, Virginia Tech
!     With important contributions from:
!        M. Damian,   Villanova University, Philadelphia, PA, USA
!        R. Sander,   Max-Planck Institute for Chemistry, Mainz, Germany
!        M. Long,     Renaissance Fiber, LLC, North Carolina, USA
!        H. Lin,      Harvard University, Cambridge, MA, USA
!        R. Yantosca, Harvard University, Cambridge, MA, USA
!        P.O. Sturm,  Univ. of Southern California, Los Angeles, CA, USA
! 
! File                 : MOZART_4.log
! Equation file        : MOZART_4.kpp
! Output root filename : MOZART_4
! 
! ~~~~~~~~~~~~~~~~~~~~~~~~~~~~~~~~~~~~~~~~~~~~~~~~~~~~~~~~~~~~~~~~~~~~~~~~~



### Options -------------------------------------------

#DECLARE      - OFF
#DOUBLE       - ON
#DRIVER       - general
#DUMMYINDEX   - OFF
#EQNTAGS      - OFF
#FUNCTION     - AGGREGATE
#HESSIAN      - OFF
#INTEGRATOR   - rosenbrock
#JACOBIAN     - SPARSE_LU_ROW
#LANGUAGE     - Fortran90
#MEX          - ON
#MINVERSION   - none
#REORDER      - ON
#STOCHASTIC   - OFF
#STOICMAT     - ON
#GRAPH        - edgelist
#UPPERCASEF90 - OFF

### Parameters ----------------------------------------

! NSPEC - Number of chemical species
  INTEGER, PARAMETER :: NSPEC = 83 
! NVAR - Number of Variable species
  INTEGER, PARAMETER :: NVAR = 81 
! NVARACT - Number of Active species
  INTEGER, PARAMETER :: NVARACT = 80 
! NFIX - Number of Fixed species
  INTEGER, PARAMETER :: NFIX = 2 
! NREACT - Number of reactions
  INTEGER, PARAMETER :: NREACT = 196 
! NVARST - Starting of variables in conc. vect.
  INTEGER, PARAMETER :: NVARST = 1 
! NFIXST - Starting of fixed in conc. vect.
  INTEGER, PARAMETER :: NFIXST = 82 

### Species -------------------------------------------

Variable species
   1 = SO4 (n)                  29 = ONIT (r)                 57 = C3H7O2 (r)             
   2 = NH3 (r)                  30 = EO2 (r)                  58 = CO (r)                 
   3 = N2O (r)                  31 = TOLOOH (r)               59 = ISOP (r)               
   4 = C2H6 (r)                 32 = CH3COOOH (r)             60 = ONITR (r)              
   5 = C3H8 (r)                 33 = MEK (r)                  61 = C3H6 (r)               
   6 = BIGENE (r)               34 = CH3COOH (r)              62 = CH3CHO (r)             
   7 = BIGALK (r)               35 = POOH (r)                 63 = RO2 (r)                
   8 = SO2 (r)                  36 = PAN (r)                  64 = TERPO2 (r)             
   9 = H2O2 (r)                 37 = GLYOXAL (r)              65 = HYAC (r)               
  10 = TOLUENE (r)              38 = TERPOOH (r)              66 = MACR (r)               
  11 = CRESOL (r)               39 = HNO3 (r)                 67 = CH3COCHO (r)           
  12 = EO (r)                   40 = CH4 (r)                  68 = XO2 (r)                
  13 = N2O5 (r)                 41 = CH3OH (r)                69 = MVK (r)                
  14 = XOH (r)                  42 = ISOPOOH (r)              70 = MACRO2 (r)             
  15 = XOOH (r)                 43 = MPAN (r)                 71 = ISOPO2 (r)             
  16 = DMS (r)                  44 = TOLO2 (r)                72 = CH2O (r)               
  17 = C2H5OH (r)               45 = BIGALD (r)               73 = NO2 (r)                
  18 = CH3OOH (r)               46 = C10H16 (r)               74 = MCO3 (r)               
  19 = H2 (r)                   47 = O1D_CB4 (r)              75 = OH (r)                 
  20 = MACROOH (r)              48 = ALKOOH (r)               76 = NO (r)                 
  21 = C2H5OOH (r)              49 = MEKO2 (r)                77 = CH3O2 (r)              
  22 = C3H7OOH (r)              50 = PO2 (r)                  78 = CH3CO3 (r)             
  23 = ROOH (r)                 51 = CH3COCH3 (r)             79 = HO2 (r)                
  24 = ENEO2 (r)                52 = O (r)                    80 = NO3 (r)                
  25 = MEKOOH (r)               53 = ISOPNO3 (r)              81 = O3 (r)                 
  26 = HO2NO2 (r)               54 = GLYALD (r)             
  27 = C2H4 (r)                 55 = ALKO2 (r)              
  28 = HYDRALD (r)              56 = C2H5O2 (r)             

Fixed species
   1 = H2O (r)                   2 = M (r)                  

### Subroutines ---------------------------------------

SUBROUTINE Fun ( V, F, RCT, Vdot, Aout )
SUBROUTINE Fun_SPLIT ( V, F, RCT, Vdot, P_VAR, D_VAR, Aout )
SUBROUTINE CalcStoichNum ( StoichNum )
SUBROUTINE Jac_SP ( V, F, RCT, JVS )
SUBROUTINE Jac_SP_Vec ( JVS, UV, JUV )
SUBROUTINE JacTR_SP_Vec ( JVS, UV, JTUV )
SUBROUTINE KppSolve ( JVS, X )
SUBROUTINE KppSolveTR ( JVS, X, XX )
SUBROUTINE Initialize ( )
SUBROUTINE Shuffle_user2kpp ( V_USER, V )
SUBROUTINE Shuffle_kpp2user ( V, V_USER )
SUBROUTINE Update_PHOTO ( )
SUBROUTINE GetMass ( CL, Mass )
SUBROUTINE ReactantProd ( V, F, ARP )
SUBROUTINE JacReactantProd ( V, F, JVRP )
