! ~~~~~~~~~~~~~~~~~~~~~~~~~~~~~~~~~~~~~~~~~~~~~~~~~~~~~~~~~~~~~~~~~~~~~~~~~
! 
! Log File with Human-Readable Information
! 
! Generated by KPP-3.3.0 symbolic chemistry Kinetics PreProcessor
!       (https:/github.com/KineticPreProcessor/KPP)
! KPP is distributed under GPL, the general public licence
!       (http://www.gnu.org/copyleft/gpl.html)
! (C) 1995-1997, V. Damian & A. Sandu, CGRER, Univ. Iowa
! (C) 1997-2022, A. Sandu, Michigan Tech, Virginia Tech
!     With important contributions from:
!        M. Damian,   Villanova University, Philadelphia, PA, USA
!        R. Sander,   Max-Planck Institute for Chemistry, Mainz, Germany
!        M. Long,     Renaissance Fiber, LLC, North Carolina, USA
!        H. Lin,      Harvard University, Cambridge, MA, USA
!        R. Yantosca, Harvard University, Cambridge, MA, USA
! 
! File                 : gas.log
! Equation file        : gas.kpp
! Output root filename : gas
! 
! ~~~~~~~~~~~~~~~~~~~~~~~~~~~~~~~~~~~~~~~~~~~~~~~~~~~~~~~~~~~~~~~~~~~~~~~~~



### Options -------------------------------------------

#DECLARE      - OFF
#DOUBLE       - ON
#DRIVER       - none
#DUMMYINDEX   - ON
#EQNTAGS      - ON
#FUNCTION     - AGGREGATE
#HESSIAN      - OFF
#INTEGRATOR   - rosenbrock
#JACOBIAN     - SPARSE_LU_ROW
#LANGUAGE     - Fortran90
#MEX          - OFF
#MINVERSION   - none
#REORDER      - ON
#STOCHASTIC   - OFF
#STOICMAT     - ON
#GRAPH        - stoic
#UPPERCASEF90 - OFF

### Parameters ----------------------------------------

! NSPEC - Number of chemical species
  INTEGER, PARAMETER :: NSPEC = 733 
! NVAR - Number of Variable species
  INTEGER, PARAMETER :: NVAR = 733 
! NVARACT - Number of Active species
  INTEGER, PARAMETER :: NVARACT = 720 
! NFIX - Number of Fixed species
  INTEGER, PARAMETER :: NFIX = 1 
! NREACT - Number of reactions
  INTEGER, PARAMETER :: NREACT = 2323 
! NVARST - Starting of variables in conc. vect.
  INTEGER, PARAMETER :: NVARST = 1 
! NFIXST - Starting of fixed in conc. vect.
  INTEGER, PARAMETER :: NFIXST = 734 

### Species -------------------------------------------

Variable species
   1 = CH3CF2Cl (r)            246 = PHCOOH (r)              491 = HONO (r)               
   2 = BrNO2 (r)               247 = TLEMUCCO (r)            492 = NC3H7O2 (r)            
   3 = CBrF2CBrF2 (r)          248 = C7PAN3 (r)              493 = LMEKNO3 (r)            
   4 = CF2ClBr (r)             249 = C6CO2OHPAN (r)          494 = CO14O3CHO (r)          
   5 = CF3Br (r)               250 = DNCRESOOH (r)           495 = NNCATECO2 (r)          
   6 = CH2ClI (r)              251 = MNCATECOOH (r)          496 = CO235C5CHO (r)         
   7 = CH2I2 (r)               252 = MNNCATCOOH (r)          497 = ACCOMECHO (r)          
   8 = LNITROGEN (n)           253 = CO2H3CO2H (r)           498 = HCOCO3H (r)            
   9 = LCARBON (n)             254 = STYRENOOH (r)           499 = HCOCH2CHO (r)          
  10 = C3MDIALO2 (n)           255 = C810NO3 (r)             500 = STYRENE (r)            
  11 = LFLUORINE (n)           256 = C89NO3 (r)              501 = CH3NO3 (r)             
  12 = ClO2 (n)                257 = C89CO2H (r)             502 = C85CO3 (r)             
  13 = LCHLORINE (n)           258 = C89CO3H (r)             503 = NCATECO2 (r)           
  14 = LBROMINE (n)            259 = C811PAN (r)             504 = LC5PAN1719 (r)         
  15 = HIO3 (n)                260 = BPINAOOH (r)            505 = IC3H7O2 (r)            
  16 = CH3SO3H (n)             261 = C109OOH (r)             506 = MACROOH (r)            
  17 = H2SO4 (n)               262 = IC3H7OOH (r)            507 = CATEC1O2 (r)           
  18 = NO3m_cs (n)             263 = C106NO3 (r)             508 = LISOPACNO3O2 (r)       
  19 = Hp_cs (n)               264 = C10PAN2 (r)             509 = MEK (r)                
  20 = RGM_cs (n)              265 = PINALNO3 (r)            510 = ALCOCH2OOH (r)         
  21 = HgO (r)                 266 = LAPINABOOH (r)          511 = CRESO2 (r)             
  22 = HgCl2 (r)               267 = LNBPINABOOH (r)         512 = NCRESO2 (r)            
  23 = HgBr2 (r)               268 = C2H5OOH (r)             513 = NPTLQO2 (r)            
  24 = ClHgBr (r)              269 = IBr (r)                 514 = HOC2H4CO3 (r)          
  25 = BrHgOBr (r)             270 = HNO4 (r)                515 = LBUT1ENO2 (r)          
  26 = ClHgOBr (r)             271 = CH3COH (r)              516 = CO23C4CHO (r)          
  27 = ROO6R5O2 (r)            272 = BIACETOH (r)            517 = BPINENE (r)            
  28 = I2O4 (r)                273 = LISOPEFO (r)            518 = CAMPHENE (r)           
  29 = ROO6R3O (r)             274 = NCATECHOL (r)           519 = HOCH2OOH (r)           
  30 = Cl2O2 (r)               275 = ROO6R3O2 (r)            520 = LNBPINABO2 (r)         
  31 = Cl2O3 (r)               276 = TOLUENE (r)             521 = MVKNO3 (r)             
  32 = BIACET (r)              277 = C811O2 (r)              522 = LNISO3 (r)             
  33 = CCl4 (r)                278 = EBENZ (r)               523 = NOA (r)                
  34 = CF2Cl2 (r)              279 = LTMB (r)                524 = C615CO2O2 (r)          
  35 = CFCl3 (r)               280 = BPINANO3 (r)            525 = TBUT2ENE (r)           
  36 = Cl2O (r)                281 = LHAROM (r)              526 = CBUT2ENE (r)           
  37 = CH2Br2 (r)              282 = CH3Cl (r)               527 = CH2CO (r)              
  38 = CHBr3 (r)               283 = OClO (r)                528 = C312COCO3 (r)          
  39 = I2O2 (r)                284 = N2O (r)                 529 = CH3CN (r)              
  40 = CH3SO3 (r)              285 = HOOCH2CO3H (r)          530 = C5DIALO2 (r)           
  41 = NH3 (r)                 286 = PROPOLNO3 (r)           531 = SABINENE (r)           
  42 = CH3COOHCHCHO (r)        287 = C5DICAROOH (r)          532 = C89O2 (r)              
  43 = HCOCCH3CHOOH (r)        288 = ISOPBNO3 (r)            533 = NOPINDO2 (r)           
  44 = C1ODC2O2C4OOH (r)       289 = PERIBUACID (r)          534 = C6CO2OHCO3 (r)         
  45 = NMBOBCO (r)             290 = ACCOMEPAN (r)           535 = NC4OHCO3 (r)           
  46 = CPDKETENE (r)           291 = C4CO2DBPAN (r)          536 = BrCl (r)               
  47 = PBZQCO (r)              292 = NBZFUOOH (r)            537 = C5CO2OHCO3 (r)         
  48 = NCPDKETENE (r)          293 = LISOPAB (r)             538 = IPRCO3 (r)             
  49 = PTLQCO (r)              294 = LISOPCD (r)             539 = OIO (r)                
  50 = MNCPDKETENE (r)         295 = LZCPANC23DBCOD (r)      540 = HNO (r)                
  51 = NOPINDCO (r)            296 = TC4H9OOH (r)            541 = NH2 (r)                
  52 = NOPINDOOH (r)           297 = C5COOHCO3H (r)          542 = C4CO2DBCO3 (r)         
  53 = OH2MENTHEN6ONE (r)      298 = PHENOOH (r)             543 = CH3COCHO2CHO (r)       
  54 = ClNO (r)                299 = C614NO3 (r)             544 = MCATEC1O2 (r)          
  55 = CH2ClBr (r)             300 = BZBIPERNO3 (r)          545 = NPHEN1O2 (r)           
  56 = CH3Br (r)               301 = BZEMUCPAN (r)           546 = OXYL1O2 (r)            
  57 = CHCl2Br (r)             302 = C5CO2DBPAN (r)          547 = NCRES1O2 (r)           
  58 = CHClBr2 (r)             303 = NDNPHENOOH (r)          548 = CO2C3CHO (r)           
  59 = C3H7I (r)               304 = C3MDIALOOH (r)          549 = LMBOABO2 (r)           
  60 = I2O3 (r)                305 = LBUT1ENOOH (r)          550 = IBUTALOH (r)           
  61 = ICl (r)                 306 = C6COOHCO3H (r)          551 = LC578O2 (r)            
  62 = CHOHOHCHOHOH (r)        307 = CRESOOH (r)             552 = APINENE (r)            
  63 = CH3COCHOHOH (r)         308 = NDNCRESOOH (r)          553 = CARENE (r)             
  64 = CHOHOHCOOH (r)          309 = PBZN (r)                554 = C33CO (r)              
  65 = HOOCCOOH (r)            310 = TLEMUCNO3 (r)           555 = C5CO14OH (r)           
  66 = METACETHO (r)           311 = TLEMUCPAN (r)           556 = HYPERACET (r)          
  67 = NC3H7NO3 (r)            312 = C721PAN (r)             557 = LZCO3C23DBCOD (r)      
  68 = BZFUCO (r)              313 = NCO (r)                 558 = HCN (r)                
  69 = CO2C4DIAL (r)           314 = C89PAN (r)              559 = BENZAL (r)             
  70 = CO23C4CO3H (r)          315 = C9PAN2 (r)              560 = C721CO3 (r)            
  71 = ISOPDOH (r)             316 = HYPROPO2H (r)           561 = CH3COCO3 (r)           
  72 = C4CO2DCO3H (r)          317 = TC4H9NO3 (r)            562 = N2 (r)                 
  73 = C5DIALCO (r)            318 = LBUT1ENNO3 (r)          563 = HOCH2COCH2O2 (r)       
  74 = MMALANHY (r)            319 = LC4H9NO3 (r)            564 = LNMBOABO2 (r)          
  75 = PBZQOOH (r)             320 = PERPROACID (r)          565 = TLEMUCO2 (r)           
  76 = PTLQOOH (r)             321 = MBOACO (r)              566 = PHENO2 (r)             
  77 = C8BCCO (r)              322 = ME3FURAN (r)            567 = MALDALCO2H (r)         
  78 = C8BCOOH (r)             323 = CH3COCO3H (r)           568 = BZEMUCO2 (r)           
  79 = NSTYRENOOH (r)          324 = PBZQONE (r)             569 = EPXC4DIAL (r)          
  80 = ClONO (r)               325 = CN (r)                  570 = BrNO3 (r)              
  81 = CH3CHOHOH (r)           326 = IPRHOCO2H (r)           571 = IBUTDIAL (r)           
  82 = INO (r)                 327 = C812O2 (r)              572 = CO23C4CO3 (r)          
  83 = INO2 (r)                328 = C97O2 (r)               573 = APINAOO (r)            
  84 = H2OH2O (r)              329 = MACO2H (r)              574 = CH3CO2H (r)            
  85 = HOOCH2CHOHOH (r)        330 = NBZFUONE (r)            575 = EZCHOCCH3CHO2 (r)      
  86 = IPROPOL (r)             331 = OHMENTHEN6ONEO2 (r)     576 = MMALANHYO2 (r)         
  87 = BUT2OLO (r)             332 = ClNO2 (r)               577 = C5134CO2OH (r)         
  88 = C3MDIALO (r)            333 = DMSO (r)                578 = CATEC1O (r)            
  89 = CH3COCOCO2H (r)         334 = C54CO (r)               579 = MCATECHOL (r)          
  90 = HOCH2OH (r)             335 = LNISOOH (r)             580 = TLEMUCCO3 (r)          
  91 = MALNHYOHCO (r)          336 = BUT2OLOOH (r)           581 = C537O2 (r)             
  92 = C513CO (r)              337 = CH3CHCO (r)             582 = C5CO2DBCO3 (r)         
  93 = ETHGLY (r)              338 = CH3O2NO2 (r)            583 = HCOC5 (r)              
  94 = MBOCOCO (r)             339 = C2H5O2NO2 (r)           584 = BZEMUCCO3 (r)          
  95 = C6125CO (r)             340 = HOCH2O2NO2 (r)          585 = HYPROPO2 (r)           
  96 = MCPDKETENE (r)          341 = NCRESOOH (r)            586 = C6H5O2 (r)             
  97 = C109CO (r)              342 = HOCH2CO3H (r)           587 = C1ODC2OOHC4OD (r)      
  98 = CH3CCl3 (r)             343 = MALDIALOOH (r)          588 = MECOACETO2 (r)         
  99 = HOCH2CHOHOH (r)         344 = HYETHO2H (r)            589 = C6H5CO3 (r)            
 100 = CHOCHOHOH (r)           345 = HOCH2COCH2OOH (r)       590 = C3DIALO2 (r)           
 101 = HgCl (r)                346 = DB2OOH (r)              591 = N (r)                  
 102 = HOONO (r)               347 = PINONIC (r)             592 = LC4H9O2 (r)            
 103 = HOC2H4CO2H (r)          348 = MPAN (r)                593 = TLBIPERO2 (r)          
 104 = PROPENOL (r)            349 = PIPN (r)                594 = ISOPBDNO3O2 (r)        
 105 = BUTENOL (r)             350 = ETHOHNO3 (r)            595 = IPRCHO (r)             
 106 = MPROPENOL (r)           351 = Np (r)                  596 = CO235C6CO3 (r)         
 107 = CO14O3CO2H (r)          352 = Op (r)                  597 = C722O2 (r)             
 108 = C512OOH (r)             353 = MALANHY (r)             598 = C536O2 (r)             
 109 = C514OOH (r)             354 = ISOPDNO3 (r)            599 = APINBOO (r)            
 110 = C536O (r)               355 = LC578OOH (r)            600 = C96CO3 (r)             
 111 = C537O (r)               356 = C511O2 (r)              601 = H2 (r)                 
 112 = ISOPAOH (r)             357 = LME3FURANO2 (r)         602 = ACCOMECO3 (r)          
 113 = C24O3CCO2H (r)          358 = C512O2 (r)              603 = NOPINOO (r)            
 114 = NISOPOOH (r)            359 = CO235C6O2 (r)           604 = BIACETO2 (r)           
 115 = LHC4ACCO2H (r)          360 = BZEMUCOOH (r)           605 = BZEPOXMUC (r)          
 116 = LMBOABNO3 (r)           361 = PHENOL (r)              606 = CH3OOH (r)             
 117 = C614CO (r)              362 = BZEMUCNO3 (r)           607 = HCOCOHCO3 (r)          
 118 = CATEC1OOH (r)           363 = CH3COCH2O2NO2 (r)       608 = MNCATECH (r)           
 119 = NPHEN1OOH (r)           364 = PPN (r)                 609 = C86O2 (r)              
 120 = NH2OH (r)               365 = C44O2 (r)               610 = CH3CHOHO2 (r)          
 121 = C6H5CH2OOH (r)          366 = C537OOH (r)             611 = DNPHEN (r)             
 122 = MCATEC1OOH (r)          367 = PTLQONE (r)             612 = DNCRES (r)             
 123 = OXYL1OOH (r)            368 = TLEMUCOOH (r)           613 = LMEKO2 (r)             
 124 = NCRES1OOH (r)           369 = MALDALCO3H (r)          614 = MACO3 (r)              
 125 = C812OOH (r)             370 = LC4H9OOH (r)            615 = TLEPOXMUC (r)          
 126 = C89OOH (r)              371 = IC4H9O2 (r)             616 = EPXDLCO3 (r)           
 127 = NORPINIC (r)            372 = CO2H3CO3H (r)           617 = C811CO3 (r)            
 128 = C8BCNO3 (r)             373 = DHPMEK (r)              618 = HCOCCH3CO (r)          
 129 = C97OOH (r)              374 = DHPMPAL (r)             619 = ISOPBOOH (r)           
 130 = NORPINENOL (r)          375 = C5CO14OOH (r)           620 = C2H5CO3 (r)            
 131 = PINIC (r)               376 = C98O2 (r)               621 = CO13C4CHO (r)          
 132 = C96NO3 (r)              377 = HOOCH2CO2H (r)          622 = BUT2OLO2 (r)           
 133 = MENTHEN6ONE (r)         378 = CH3SO2 (r)              623 = BENZENE (r)            
 134 = PINALOOH (r)            379 = MC3ODBCO2H (r)          624 = BZFUONE (r)            
 135 = PINENOL (r)             380 = C6CO4DB (r)             625 = MALANHYO2 (r)          
 136 = NPROPOL (r)             381 = RO6R1O2 (r)             626 = CO23C3CHO (r)          
 137 = NC4H10 (r)              382 = HMAC (r)                627 = Cl2 (r)                
 138 = ISOPBOH (r)             383 = HVMK (r)                628 = Br2 (r)                
 139 = C4MCONO3OH (r)          384 = CH2OOA (r)              629 = MBOOO (r)              
 140 = C8BC (r)                385 = MACRO (r)               630 = IPRHOCO3 (r)           
 141 = C2H6 (r)                386 = INO3 (r)                631 = HOOCH2CHO (r)          
 142 = NO3CH2PAN (r)           387 = NC4DCO2H (r)            632 = HCOCO3 (r)             
 143 = IC3H7NO3 (r)            388 = LMBOABOOH (r)           633 = HOCH2CO3 (r)           
 144 = PR2O2HNO3 (r)           389 = C1OOHC2OOHC4OD (r)      634 = MALDIALCO3 (r)         
 145 = C312COCO3H (r)          390 = NC4MDCO2H (r)           635 = HOOCH2CO3 (r)          
 146 = C413COOOH (r)           391 = C614O2 (r)              636 = C3H7CHO (r)            
 147 = C4CO2O (r)              392 = C1ODC2O2C4OD (r)        637 = NO3CH2CHO (r)          
 148 = IC4H10 (r)              393 = CH3ONO (r)              638 = DMS (r)                
 149 = MACROH (r)              394 = C513O2 (r)              639 = HOC6H4NO2 (r)          
 150 = BZFUOOH (r)             395 = C716O2 (r)              640 = TOL1OHNO2 (r)          
 151 = EPXDLCO2H (r)           396 = HOCOC4DIAL (r)          641 = CH4 (r)                
 152 = EPXDLCO3H (r)           397 = C721CHO (r)             642 = TLFUONE (r)            
 153 = IC4H9NO3 (r)            398 = NISOPO2 (r)             643 = CO2H3CO3 (r)           
 154 = C1OOHC3O2C4OD (r)       399 = HOCHCHO (r)             644 = DB2O2 (r)              
 155 = C511OOH (r)             400 = NOPINONE (r)            645 = CHOC3COCO3 (r)         
 156 = C3H8 (r)                401 = PINALO2 (r)             646 = ClNO3 (r)              
 157 = C59OOH (r)              402 = HCOCO2CH3CHO (r)        647 = CH3COCH3 (r)           
 158 = CHOC3COOOH (r)          403 = DB1OOH (r)              648 = HOCH2O2 (r)            
 159 = ACCOMECO3H (r)          404 = HOI (r)                 649 = ISOPDOOH (r)           
 160 = MMALNHYOOH (r)          405 = NH2O (r)                650 = C5CO14O2 (r)           
 161 = TLFUOOH (r)             406 = LNMBOABOOH (r)          651 = HCOCO2H (r)            
 162 = C514NO3 (r)             407 = BZFUO2 (r)              652 = MALDIAL (r)            
 163 = NTLFUOOH (r)            408 = TLFUO2 (r)              653 = CO2 (r)                
 164 = LDISOPACO (r)           409 = PBZQO2 (r)              654 = EZCH3CO2CHCHO (r)      
 165 = LIEPOX (r)              410 = C514O2 (r)              655 = C2H5CHO (r)            
 166 = CO235C6OOH (r)          411 = C7CO4DB (r)             656 = C2H5O2 (r)             
 167 = BZEMUCCO2H (r)          412 = TLBIPEROOH (r)          657 = I2 (r)                 
 168 = BZEMUCCO3H (r)          413 = HCOCOCH2OOH (r)         658 = NC4CHO (r)             
 169 = BZOBIPEROH (r)          414 = C32OH13CO (r)           659 = HCOCH2CO3 (r)          
 170 = C6H5OOH (r)             415 = CHOC3COO2 (r)           660 = MVK (r)                
 171 = NBZQOOH (r)             416 = PAN (r)                 661 = HOCl (r)               
 172 = C235C6CO3H (r)          417 = C85O2 (r)               662 = LHC4ACCO3 (r)          
 173 = C716OOH (r)             418 = PRONO3BO2 (r)           663 = CHOCOCH2O2 (r)         
 174 = C721OOH (r)             419 = LXYL (r)                664 = C5DICARB (r)           
 175 = C722OOH (r)             420 = CRESOL (r)              665 = MACRO2 (r)             
 176 = NHOH (r)                421 = C6H5CH2O2 (r)           666 = HCOCO (r)              
 177 = HCOCH2CO2H (r)          422 = NTLFUO2 (r)             667 = MACR (r)               
 178 = C6H5CO3H (r)            423 = PHAN (r)                668 = H2O2 (r)               
 179 = HCOCH2CO3H (r)          424 = HO12CO3C4 (r)           669 = C5H8 (r)               
 180 = TLEMUCCO2H (r)          425 = LAPINABO2 (r)           670 = ACETOL (r)             
 181 = TLEMUCCO3H (r)          426 = VINOH (r)               671 = HNO3 (r)               
 182 = TLOBIPEROH (r)          427 = CH3I (r)                672 = HOCH2CH2O2 (r)         
 183 = C6H5CH2NO3 (r)          428 = NCCH2O2 (r)             673 = C89CO3 (r)             
 184 = NPTLQOOH (r)            429 = HOCH2CO2H (r)           674 = NORPINAL (r)           
 185 = C721CO3H (r)            430 = NBZFUO2 (r)             675 = CH3COCO2H (r)          
 186 = C810OOH (r)             431 = CATECHOL (r)            676 = C96O2 (r)              
 187 = C813OOH (r)             432 = NPHEN1O (r)             677 = CH3OH (r)              
 188 = C85OOH (r)              433 = MCATEC1O (r)            678 = LZCODC23DBCOOH (r)     
 189 = C86OOH (r)              434 = C4CODIAL (r)            679 = CH3CO (r)              
 190 = HOCH2CH2O (r)           435 = TOL1O (r)               680 = LISOPEFO2 (r)          
 191 = HOC2H4CO3H (r)          436 = NCRES1O (r)             681 = HOBr (r)               
 192 = C811CO3H (r)            437 = C106O2 (r)              682 = PINAL (r)              
 193 = C85CO3H (r)             438 = CO235C6CHO (r)          683 = DB1O2 (r)              
 194 = C96OOH (r)              439 = MACRNO3 (r)             684 = C3H6 (r)               
 195 = C98OOH (r)              440 = LMEKOOH (r)             685 = LHC4ACCHO (r)          
 196 = C106OOH (r)             441 = TC4H9O2 (r)             686 = LISOPACOOH (r)         
 197 = PERPINONIC (r)          442 = N2p (r)                 687 = CH3COCH2O2 (r)         
 198 = RO6R3O2 (r)             443 = NOp (r)                 688 = ISOPDO2 (r)            
 199 = RO6R1NO3 (r)            444 = N2O5 (r)                689 = CO2H3CHO (r)           
 200 = ROO6R1NO3 (r)           445 = C536OOH (r)             690 = HOCH2CO (r)            
 201 = LAPINABNO3 (r)          446 = BIACETOOH (r)           691 = H (r)                  
 202 = LNAPINABOOH (r)         447 = CH3COCHCO (r)           692 = LHMVKABO2 (r)          
 203 = HI (r)                  448 = TLBIPERNO3 (r)          693 = MGLYOX (r)             
 204 = PROPACID (r)            449 = C2H2 (r)                694 = LISOPACNO3 (r)         
 205 = HgBr (r)                450 = DNPHENO2 (r)            695 = C4MDIAL (r)            
 206 = IBUTOLBOOH (r)          451 = CH3CHOHOOH (r)          696 = LZCO3HC23DBCOD (r)     
 207 = HCOCOHCO3H (r)          452 = NPHENO2 (r)             697 = GLYOX (r)              
 208 = IC4H9OOH (r)            453 = C721O2 (r)              698 = C2H4 (r)               
 209 = IPRHOCO3H (r)           454 = DNCRESO2 (r)            699 = LDISOPACO2 (r)         
 210 = MACO3H (r)              455 = MNCATECO2 (r)           700 = ISOPBO2 (r)            
 211 = C3PAN1 (r)              456 = MNNCATECO2 (r)          701 = DB1O (r)               
 212 = C3PAN2 (r)              457 = C59O2 (r)               702 = HCOCH2O2 (r)           
 213 = MALANHYOOH (r)          458 = C810O2 (r)              703 = LISOPACO2 (r)          
 214 = MECOACEOOH (r)          459 = C8BCO2 (r)              704 = CH3CO3 (r)             
 215 = BUT2OLNO3 (r)           460 = STYRENO2 (r)            705 = CH3O (r)               
 216 = C312COPAN (r)           461 = NSTYRENO2 (r)           706 = SO2 (r)                
 217 = C4PAN5 (r)              462 = HOCH2COCHO (r)          707 = HBr (r)                
 218 = IBUTOLBNO3 (r)          463 = C109O2 (r)              708 = CH3 (r)                
 219 = EPXDLPAN (r)            464 = NO3CH2CO3 (r)           709 = HOCH2CHO (r)           
 220 = MALDIALPAN (r)          465 = IBUTOLBO2 (r)           710 = I (r)                  
 221 = CH3CO3H (r)             466 = C1ODC3O2C4OOH (r)       711 = Hg (r)                 
 222 = C513OOH (r)             467 = C4CO2OOH (r)            712 = HCl (r)                
 223 = C5DIALOOH (r)           468 = PTLQO2 (r)              713 = CH3CHO (r)             
 224 = HCOCOHPAN (r)           469 = C6H5O (r)               714 = H2O (r)                
 225 = NC3H7OOH (r)            470 = C813O2 (r)              715 = HCHO (r)               
 226 = C5PAN9 (r)              471 = MACO2 (r)               716 = Cl (r)                 
 227 = CHOC3COPAN (r)          472 = LHMVKABOOH (r)          717 = CH3O2 (r)              
 228 = DB1NO3 (r)              473 = BPINAO2 (r)             718 = CH2OO (r)              
 229 = NC4OHCO3H (r)           474 = MBO (r)                 719 = O3 (r)                 
 230 = NC4OHCPAN (r)           475 = MEPROPENE (r)           720 = O3P (r)                
 231 = C5COO2NO2 (r)           476 = LNAPINABO2 (r)          721 = HO2 (r)                
 232 = LHC4ACCO3H (r)          477 = O2p (r)                 722 = O1D (r)                
 233 = C614OOH (r)             478 = em (r)                  723 = O2 (r)                 
 234 = BZBIPEROOH (r)          479 = N2D (r)                 724 = BrO (r)                
 235 = BZEMUCCO (r)            480 = BUT1ENE (r)             725 = IO (r)                 
 236 = C5CO2DCO3H (r)          481 = NDNPHENO2 (r)           726 = CO (r)                 
 237 = C2H5NO3 (r)             482 = C1OOHC2O2C4OD (r)       727 = OH (r)                 
 238 = C615CO2OOH (r)          483 = NDNCRESO2 (r)           728 = HCOOH (r)              
 239 = C5CO2OHPAN (r)          484 = BZBIPERO2 (r)           729 = ClO (r)                
 240 = DNPHENOOH (r)           485 = MALDIALO2 (r)           730 = NO (r)                 
 241 = NCATECOOH (r)           486 = NBZQO2 (r)              731 = NO2 (r)                
 242 = NNCATECOOH (r)          487 = LISOPACO (r)            732 = NO3 (r)                
 243 = NPHENOOH (r)            488 = ROO6R1O2 (r)            733 = Br (r)                 
 244 = C3DIALOOH (r)           489 = C5DICARBO2 (r)         
 245 = C44OOH (r)              490 = C2H5OH (r)             

Fixed species


### Subroutines ---------------------------------------

SUBROUTINE Fun ( V, F, RCT, Vdot, Aout )
SUBROUTINE Fun_SPLIT ( V, F, RCT, Vdot, P_VAR, D_VAR, Aout )
SUBROUTINE CalcStoichNum ( StoichNum )
SUBROUTINE Jac_SP ( V, F, RCT, JVS )
SUBROUTINE Jac_SP_Vec ( JVS, UV, JUV )
SUBROUTINE JacTR_SP_Vec ( JVS, UV, JTUV )
SUBROUTINE KppSolve ( JVS, X )
SUBROUTINE KppSolveTR ( JVS, X, XX )
SUBROUTINE Initialize ( )
SUBROUTINE Shuffle_user2kpp ( V_USER, V )
SUBROUTINE Shuffle_kpp2user ( V, V_USER )
SUBROUTINE Update_PHOTO ( )
SUBROUTINE GetMass ( CL, Mass )
SUBROUTINE ReactantProd ( V, F, ARP )
SUBROUTINE JacReactantProd ( V, F, JVRP )
