! ~~~~~~~~~~~~~~~~~~~~~~~~~~~~~~~~~~~~~~~~~~~~~~~~~~~~~~~~~~~~~~~~~~~~~~~~~
! 
! Log File with Human-Readable Information
! 
! Generated by KPP-3.3.0 symbolic chemistry Kinetics PreProcessor
!       (https:/github.com/KineticPreProcessor/KPP)
! KPP is distributed under GPL, the general public licence
!       (http://www.gnu.org/copyleft/gpl.html)
! (C) 1995-1997, V. Damian & A. Sandu, CGRER, Univ. Iowa
! (C) 1997-2022, A. Sandu, Michigan Tech, Virginia Tech
!     With important contributions from:
!        M. Damian,   Villanova University, Philadelphia, PA, USA
!        R. Sander,   Max-Planck Institute for Chemistry, Mainz, Germany
!        M. Long,     Renaissance Fiber, LLC, North Carolina, USA
!        H. Lin,      Harvard University, Cambridge, MA, USA
!        R. Yantosca, Harvard University, Cambridge, MA, USA
! 
! File                 : isoprene_reduced_plus_v5.log
! Equation file        : isoprene_reduced_plus_v5.def
! Output root filename : isoprene_reduced_plus_v5
! 
! ~~~~~~~~~~~~~~~~~~~~~~~~~~~~~~~~~~~~~~~~~~~~~~~~~~~~~~~~~~~~~~~~~~~~~~~~~



### Options -------------------------------------------

#DECLARE      - OFF
#DOUBLE       - ON
#DRIVER       - general
#DUMMYINDEX   - OFF
#EQNTAGS      - OFF
#FUNCTION     - AGGREGATE
#HESSIAN      - OFF
#INTEGRATOR   - rosenbrock
#JACOBIAN     - SPARSE_LU_ROW
#LANGUAGE     - Fortran90
#MEX          - ON
#MINVERSION   - none
#REORDER      - ON
#STOCHASTIC   - OFF
#STOICMAT     - ON
#GRAPH        - edgelist
#UPPERCASEF90 - OFF

### Parameters ----------------------------------------

! NSPEC - Number of chemical species
  INTEGER, PARAMETER :: NSPEC = 148 
! NVAR - Number of Variable species
  INTEGER, PARAMETER :: NVAR = 145 
! NVARACT - Number of Active species
  INTEGER, PARAMETER :: NVARACT = 141 
! NFIX - Number of Fixed species
  INTEGER, PARAMETER :: NFIX = 3 
! NREACT - Number of reactions
  INTEGER, PARAMETER :: NREACT = 379 
! NVARST - Starting of variables in conc. vect.
  INTEGER, PARAMETER :: NVARST = 1 
! NFIXST - Starting of fixed in conc. vect.
  INTEGER, PARAMETER :: NFIXST = 146 

### Species -------------------------------------------

Variable species
   1 = CO2 (n)                  50 = IDCHP (r)                99 = CH3OO (r)              
   2 = H2 (n)                   51 = MPAN (r)                100 = ISOP (r)               
   3 = H2O2 (n)                 52 = INPB (r)                101 = CO (r)                 
   4 = HNO3 (n)                 53 = MACR2OOH3N (r)          102 = MVK3CO4OH (r)          
   5 = CH3OONO2 (r)             54 = MVK3OH4OH (r)           103 = IHPNBOO (r)            
   6 = MPANHN (r)               55 = MVKENOL (r)             104 = PROPNN (r)             
   7 = ISOP3CO4OH (r)           56 = MVK3OOH4N (r)           105 = ISOP1N4OH (r)          
   8 = CH3CO2H (r)              57 = C4HVP1 (r)              106 = IHNE (r)               
   9 = HMHP (r)                 58 = C4HVP2 (r)              107 = MVK (r)                
  10 = MACR2OH3N (r)            59 = IEPOXt (r)              108 = IHPOO1 (r)             
  11 = MACR1OOH (r)             60 = IEPOXc (r)              109 = MCROHOO (r)            
  12 = HMML (r)                 61 = IDHDP (r)               110 = IHPDN (r)              
  13 = CH3CO3H (r)              62 = ISOP3OOH4CO (r)         111 = IDHNDOO1 (r)           
  14 = HCOCO (r)                63 = MACR2OH3OH (r)          112 = GLYX (r)               
  15 = HOCH2CO2H (r)            64 = MVK3OH4OOH (r)          113 = MACR1OO (r)            
  16 = NCH2CO2H (r)             65 = IDHDN (r)               114 = ETHLN (r)              
  17 = MACR2OH3CO (r)           66 = ISOP1CO4OH (r)          115 = HCHO (r)               
  18 = MACRNOH (r)              67 = ISOP1OH4CO (r)          116 = MACR2N3OH (r)          
  19 = HCOOH (r)                68 = ISOP1OH2OOH (r)         117 = ICPDH (r)              
  20 = ICNE (r)                 69 = INPD (r)                118 = IEPOXBOO (r)           
  21 = CH3ONO2 (r)              70 = IHNEOO (r)              119 = MVK3OH4CO (r)          
  22 = HOCH2CO3H (r)            71 = ISOP3OOH4OH (r)         120 = IEPOXAOO (r)           
  23 = NCH2CO3H (r)             72 = IDNOO (r)               121 = ISOP1OH4N (r)          
  24 = MVK3CO4N (r)             73 = IDHPE (r)               122 = ICHNP (r)              
  25 = CH3OOH (r)               74 = MVK3OOH4CO (r)          123 = IDHCN (r)              
  26 = MACR1OH (r)              75 = ISOP1OOH4OH (r)         124 = HAC (r)                
  27 = CH3OH (r)                76 = ISOPNOO1 (r)            125 = MGLY (r)               
  28 = MACRNOOH (r)             77 = ISOPNOO2 (r)            126 = MACR (r)               
  29 = IHNPE (r)                78 = HPAC (r)                127 = ICHDN (r)              
  30 = PNAN (r)                 79 = MACRNO2 (r)             128 = IDHNBOO (r)            
  31 = PYRAC (r)                80 = ISOP1OH4OOH (r)         129 = ISOP1N4CO (r)          
  32 = MACR2OH3OOH (r)          81 = MVK3OOH4OH (r)          130 = MVK3N4OH (r)           
  33 = ISOP3CO4N (r)            82 = IDHNDOO2 (r)            131 = IDHPN (r)              
  34 = PAN (r)                  83 = ICN1OO (r)              132 = IHOO4 (r)              
  35 = PHAN (r)                 84 = ICN2OO (r)              133 = IHOO1 (r)              
  36 = SCI (r)                  85 = HPETHNL (r)             134 = GLYC (r)               
  37 = MCRENOL (r)              86 = ICHE (r)                135 = ISOP1CO4N (r)          
  38 = IEPOXD (r)               87 = ISOP1OOH4CO (r)         136 = NO2 (r)                
  39 = ISOP1CO4CO (r)           88 = ICN3OO (r)              137 = MVKOHOO (r)            
  40 = HPALD1OO (r)             89 = IHPOO2 (r)              138 = CH3CO3 (r)             
  41 = HPALD2OO (r)             90 = MACR2OOH3OH (r)         139 = INO2B (r)              
  42 = INO (r)                  91 = HOCH2CO3 (r)            140 = NO (r)                 
  43 = IHNB (r)                 92 = ISOP1CO4OOH (r)         141 = NO3 (r)                
  44 = ISOP1CO2OOH (r)          93 = NCH2CO3 (r)             142 = INO2D (r)              
  45 = ISOP1OH2N (r)            94 = IDN (r)                 143 = O3 (r)                 
  46 = ISOP3N4OH (r)            95 = IHPOO3 (r)              144 = OH (r)                 
  47 = ICN4OO (r)               96 = MVK3OH4N (r)            145 = HO2 (r)                
  48 = ICN5OO (r)               97 = IHPNDOO (r)            
  49 = IHNDP (r)                98 = ICHOO (r)              

Fixed species
   1 = O2 (r)                    3 = H2O (r)                
   2 = MO2 (r)                

### Subroutines ---------------------------------------

SUBROUTINE Fun ( V, F, RCT, Vdot, Aout )
SUBROUTINE Fun_SPLIT ( V, F, RCT, Vdot, P_VAR, D_VAR, Aout )
SUBROUTINE CalcStoichNum ( StoichNum )
SUBROUTINE Jac_SP ( V, F, RCT, JVS )
SUBROUTINE Jac_SP_Vec ( JVS, UV, JUV )
SUBROUTINE JacTR_SP_Vec ( JVS, UV, JTUV )
SUBROUTINE KppSolve ( JVS, X )
SUBROUTINE KppSolveTR ( JVS, X, XX )
SUBROUTINE Initialize ( )
SUBROUTINE Shuffle_user2kpp ( V_USER, V )
SUBROUTINE Shuffle_kpp2user ( V, V_USER )
SUBROUTINE Update_PHOTO ( )
SUBROUTINE GetMass ( CL, Mass )
SUBROUTINE ReactantProd ( V, F, ARP )
SUBROUTINE JacReactantProd ( V, F, JVRP )
