! ~~~~~~~~~~~~~~~~~~~~~~~~~~~~~~~~~~~~~~~~~~~~~~~~~~~~~~~~~~~~~~~~~~~~~~~~~
! 
! Log File with Human-Readable Information
! 
! Generated by KPP-3.4.0 symbolic chemistry Kinetics PreProcessor
!       (https:/github.com/KineticPreProcessor/KPP)
! KPP is distributed under GPL, the general public licence
!       (http://www.gnu.org/copyleft/gpl.html)
! (C) 1995-1997, V. Damian & A. Sandu, CGRER, Univ. Iowa
! (C) 1997-2022, A. Sandu, Michigan Tech, Virginia Tech
!     With important contributions from:
!        M. Damian,   Villanova University, Philadelphia, PA, USA
!        R. Sander,   Max-Planck Institute for Chemistry, Mainz, Germany
!        M. Long,     Renaissance Fiber, LLC, North Carolina, USA
!        H. Lin,      Harvard University, Cambridge, MA, USA
!        R. Yantosca, Harvard University, Cambridge, MA, USA
!        P.O. Sturm,  Univ. of Southern California, Los Angeles, CA, USA
! 
! File                 : RACM.log
! Equation file        : RACM.kpp
! Output root filename : RACM
! 
! ~~~~~~~~~~~~~~~~~~~~~~~~~~~~~~~~~~~~~~~~~~~~~~~~~~~~~~~~~~~~~~~~~~~~~~~~~



### Options -------------------------------------------

#DECLARE      - OFF
#DOUBLE       - ON
#DRIVER       - general
#DUMMYINDEX   - OFF
#EQNTAGS      - OFF
#FUNCTION     - AGGREGATE
#HESSIAN      - OFF
#INTEGRATOR   - rosenbrock
#JACOBIAN     - SPARSE_LU_ROW
#LANGUAGE     - Fortran90
#MEX          - ON
#MINVERSION   - none
#REORDER      - ON
#STOCHASTIC   - OFF
#STOICMAT     - ON
#GRAPH        - edgelist
#UPPERCASEF90 - OFF

### Parameters ----------------------------------------

! NSPEC - Number of chemical species
  INTEGER, PARAMETER :: NSPEC = 84 
! NVAR - Number of Variable species
  INTEGER, PARAMETER :: NVAR = 82 
! NVARACT - Number of Active species
  INTEGER, PARAMETER :: NVARACT = 78 
! NFIX - Number of Fixed species
  INTEGER, PARAMETER :: NFIX = 2 
! NREACT - Number of reactions
  INTEGER, PARAMETER :: NREACT = 250 
! NVARST - Starting of variables in conc. vect.
  INTEGER, PARAMETER :: NVARST = 1 
! NFIXST - Starting of fixed in conc. vect.
  INTEGER, PARAMETER :: NFIXST = 83 

### Species -------------------------------------------

Variable species
   1 = SULF (n)                 29 = ADDX (r)                 57 = HC5P (r)               
   2 = CO2 (n)                  30 = ETE (r)                  58 = HCHO (r)               
   3 = ORA1 (n)                 31 = ADDC (r)                 59 = TOLP (r)               
   4 = ORA2 (n)                 32 = HNO3 (r)                 60 = XYLP (r)               
   5 = SO2 (r)                  33 = PAA (r)                  61 = OLIP (r)               
   6 = O1D (r)                  34 = ISON (r)                 62 = ONIT (r)               
   7 = ISHP (r)                 35 = SESQ (r)                 63 = DCB (r)                
   8 = HC5 (r)                  36 = PAN (r)                  64 = XO2 (r)                
   9 = TOL (r)                  37 = API (r)                  65 = OLT (r)                
  10 = XYL (r)                  38 = CO (r)                   66 = ALD (r)                
  11 = N2O5 (r)                 39 = LIM (r)                  67 = OLI (r)                
  12 = HC8 (r)                  40 = ISO (r)                  68 = OLND (r)               
  13 = MAHP (r)                 41 = MBO (r)                  69 = OLNN (r)               
  14 = HC3 (r)                  42 = CSL (r)                  70 = ETHP (r)               
  15 = UDD (r)                  43 = DIEN (r)                 71 = TCO3 (r)               
  16 = NALD (r)                 44 = MACP (r)                 72 = O3 (r)                 
  17 = ETH (r)                  45 = TPAN (r)                 73 = HC3P (r)               
  18 = CH4 (r)                  46 = GLY (r)                  74 = MO2 (r)                
  19 = HNO4 (r)                 47 = ETEP (r)                 75 = OP2 (r)                
  20 = OP1 (r)                  48 = OLTP (r)                 76 = HO2 (r)                
  21 = MPAN (r)                 49 = MACR (r)                 77 = ACO3 (r)               
  22 = HACE (r)                 50 = ISOP (r)                 78 = HO (r)                 
  23 = HONO (r)                 51 = APIP (r)                 79 = NO3 (r)                
  24 = HKET (r)                 52 = KET (r)                  80 = KETP (r)               
  25 = O3P (r)                  53 = MGLY (r)                 81 = NO (r)                 
  26 = PHO (r)                  54 = CSLP (r)                 82 = NO2 (r)                
  27 = H2O2 (r)                 55 = LIMP (r)               
  28 = ADDT (r)                 56 = HC8P (r)               

Fixed species
   1 = H2O (r)                   2 = M (r)                  

### Subroutines ---------------------------------------

SUBROUTINE Fun ( V, F, RCT, Vdot, Aout )
SUBROUTINE Fun_SPLIT ( V, F, RCT, Vdot, P_VAR, D_VAR, Aout )
SUBROUTINE CalcStoichNum ( StoichNum )
SUBROUTINE Jac_SP ( V, F, RCT, JVS )
SUBROUTINE Jac_SP_Vec ( JVS, UV, JUV )
SUBROUTINE JacTR_SP_Vec ( JVS, UV, JTUV )
SUBROUTINE KppSolve ( JVS, X )
SUBROUTINE KppSolveTR ( JVS, X, XX )
SUBROUTINE Initialize ( )
SUBROUTINE Shuffle_user2kpp ( V_USER, V )
SUBROUTINE Shuffle_kpp2user ( V, V_USER )
SUBROUTINE Update_PHOTO ( )
SUBROUTINE GetMass ( CL, Mass )
SUBROUTINE ReactantProd ( V, F, ARP )
SUBROUTINE JacReactantProd ( V, F, JVRP )
