! ~~~~~~~~~~~~~~~~~~~~~~~~~~~~~~~~~~~~~~~~~~~~~~~~~~~~~~~~~~~~~~~~~~~~~~~~~
! 
! Log File with Human-Readable Information
! 
! Generated by KPP-3.4.0 symbolic chemistry Kinetics PreProcessor
!       (https:/github.com/KineticPreProcessor/KPP)
! KPP is distributed under GPL, the general public licence
!       (http://www.gnu.org/copyleft/gpl.html)
! (C) 1995-1997, V. Damian & A. Sandu, CGRER, Univ. Iowa
! (C) 1997-2022, A. Sandu, Michigan Tech, Virginia Tech
!     With important contributions from:
!        M. Damian,   Villanova University, Philadelphia, PA, USA
!        R. Sander,   Max-Planck Institute for Chemistry, Mainz, Germany
!        M. Long,     Renaissance Fiber, LLC, North Carolina, USA
!        H. Lin,      Harvard University, Cambridge, MA, USA
!        R. Yantosca, Harvard University, Cambridge, MA, USA
!        P.O. Sturm,  Univ. of Southern California, Los Angeles, CA, USA
! 
! File                 : Hg.log
! Equation file        : Hg.kpp
! Output root filename : Hg
! 
! ~~~~~~~~~~~~~~~~~~~~~~~~~~~~~~~~~~~~~~~~~~~~~~~~~~~~~~~~~~~~~~~~~~~~~~~~~



### Options -------------------------------------------

#DECLARE      - OFF
#DOUBLE       - ON
#DRIVER       - none
#DUMMYINDEX   - OFF
#EQNTAGS      - OFF
#FUNCTION     - AGGREGATE
#HESSIAN      - OFF
#INTEGRATOR   - rosenbrock
#JACOBIAN     - SPARSE_LU_ROW
#LANGUAGE     - Fortran90
#MEX          - OFF
#MINVERSION   - 3.2.0
#REORDER      - ON
#STOCHASTIC   - OFF
#STOICMAT     - ON
#GRAPH        - edgelist
#UPPERCASEF90 - ON

### Parameters ----------------------------------------

! NSPEC - Number of chemical species
  INTEGER, PARAMETER :: NSPEC = 43 
! NVAR - Number of Variable species
  INTEGER, PARAMETER :: NVAR = 32 
! NVARACT - Number of Active species
  INTEGER, PARAMETER :: NVARACT = 26 
! NFIX - Number of Fixed species
  INTEGER, PARAMETER :: NFIX = 11 
! NREACT - Number of reactions
  INTEGER, PARAMETER :: NREACT = 94 
! NVARST - Starting of variables in conc. vect.
  INTEGER, PARAMETER :: NVARST = 1 
! NFIXST - Starting of fixed in conc. vect.
  INTEGER, PARAMETER :: NFIXST = 33 

### Species -------------------------------------------

Variable species
   1 = HgCl2 (r)                12 = HgOHBrO (r)              23 = HgBrHO2 (r)            
   2 = Hg2ClP (n)               13 = HgBrClO (r)              24 = HgClO (r)              
   3 = PHg2 (n)                 14 = HgBrBrO (r)              25 = HgClHO2 (r)            
   4 = PHg0 (n)                 15 = HgOHNO2 (r)              26 = HgClOH (r)             
   5 = PHg2Br (n)               16 = HgBrNO2 (r)              27 = HgCl (r)               
   6 = PHg2OH (n)               17 = HgClNO2 (r)              28 = Hg2ORGP (r)            
   7 = PHg2Cl (n)               18 = HgBr2 (r)                29 = HgOH (r)               
   8 = HgClClO (r)              19 = HgOHO (r)                30 = Hg0 (r)                
   9 = HgClBrO (r)              20 = HgOHOH (r)               31 = HgBrOH (r)             
  10 = HgClBr (r)               21 = HgOHHO2 (r)              32 = HgBr (r)               
  11 = HgOHClO (r)              22 = HgBrO (r)              

Fixed species
   1 = Br (r)                    5 = NO (n)                    9 = ClO (r)                
   2 = Cl (r)                    6 = O3 (r)                   10 = CO (r)                 
   3 = OH (r)                    7 = HO2 (r)                  11 = CH4 (r)                
   4 = NO2 (r)                   8 = BrO (r)                

### Subroutines ---------------------------------------

SUBROUTINE Fun ( V, F, RCT, Vdot, Aout )
SUBROUTINE Fun_SPLIT ( V, F, RCT, Vdot, P_VAR, D_VAR, Aout )
SUBROUTINE CalcStoichNum ( StoichNum )
SUBROUTINE Jac_SP ( V, F, RCT, JVS )
SUBROUTINE Jac_SP_Vec ( JVS, UV, JUV )
SUBROUTINE JacTR_SP_Vec ( JVS, UV, JTUV )
SUBROUTINE KppSolve ( JVS, X )
SUBROUTINE KppSolveTR ( JVS, X, XX )
SUBROUTINE Initialize ( )
SUBROUTINE Shuffle_user2kpp ( V_USER, V )
SUBROUTINE Shuffle_kpp2user ( V, V_USER )
SUBROUTINE Update_PHOTO ( )
SUBROUTINE GetMass ( CL, Mass )
SUBROUTINE ReactantProd ( V, F, ARP )
SUBROUTINE JacReactantProd ( V, F, JVRP )
