! ~~~~~~~~~~~~~~~~~~~~~~~~~~~~~~~~~~~~~~~~~~~~~~~~~~~~~~~~~~~~~~~~~~~~~~~~~
! 
! Log File with Human-Readable Information
! 
! Generated by KPP-3.4.0 symbolic chemistry Kinetics PreProcessor
!       (https:/github.com/KineticPreProcessor/KPP)
! KPP is distributed under GPL, the general public licence
!       (http://www.gnu.org/copyleft/gpl.html)
! (C) 1995-1997, V. Damian & A. Sandu, CGRER, Univ. Iowa
! (C) 1997-2022, A. Sandu, Michigan Tech, Virginia Tech
!     With important contributions from:
!        M. Damian,   Villanova University, Philadelphia, PA, USA
!        R. Sander,   Max-Planck Institute for Chemistry, Mainz, Germany
!        M. Long,     Renaissance Fiber, LLC, North Carolina, USA
!        H. Lin,      Harvard University, Cambridge, MA, USA
!        R. Yantosca, Harvard University, Cambridge, MA, USA
!        P.O. Sturm,  Univ. of Southern California, Los Angeles, CA, USA
! 
! File                 : pollu.log
! Equation file        : pollu.kpp
! Output root filename : pollu
! 
! ~~~~~~~~~~~~~~~~~~~~~~~~~~~~~~~~~~~~~~~~~~~~~~~~~~~~~~~~~~~~~~~~~~~~~~~~~



### Options -------------------------------------------

#DECLARE      - OFF
#DOUBLE       - ON
#DRIVER       - none
#DUMMYINDEX   - OFF
#EQNTAGS      - OFF
#FUNCTION     - AGGREGATE
#HESSIAN      - OFF
#INTEGRATOR   - rosenbrock
#JACOBIAN     - SPARSE_LU_ROW
#LANGUAGE     - Fortran90
#MEX          - ON
#MINVERSION   - none
#REORDER      - ON
#STOCHASTIC   - OFF
#STOICMAT     - ON
#GRAPH        - stoic
#UPPERCASEF90 - OFF

### Parameters ----------------------------------------

! NSPEC - Number of chemical species
  INTEGER, PARAMETER :: NSPEC = 20 
! NVAR - Number of Variable species
  INTEGER, PARAMETER :: NVAR = 20 
! NVARACT - Number of Active species
  INTEGER, PARAMETER :: NVARACT = 16 
! NFIX - Number of Fixed species
  INTEGER, PARAMETER :: NFIX = 1 
! NREACT - Number of reactions
  INTEGER, PARAMETER :: NREACT = 25 
! NVARST - Starting of variables in conc. vect.
  INTEGER, PARAMETER :: NVARST = 1 
! NFIXST - Starting of fixed in conc. vect.
  INTEGER, PARAMETER :: NFIXST = 21 

### Species -------------------------------------------

Variable species
   1 = CO (n)                    8 = ALD (r)                  15 = C2O3 (r)               
   2 = HNO3 (n)                  9 = PAN (r)                  16 = HO2 (r)                
   3 = SO4 (n)                  10 = CH3O (r)                 17 = NO2 (r)                
   4 = CO2 (n)                  11 = N2O5 (r)                 18 = NO (r)                 
   5 = O1D (r)                  12 = NO3 (r)                  19 = MEO2 (r)               
   6 = SO2 (r)                  13 = HCHO (r)                 20 = OH (r)                 
   7 = O3P (r)                  14 = O3 (r)                 

Fixed species


### Subroutines ---------------------------------------

SUBROUTINE Fun ( V, F, RCT, Vdot, Aout )
SUBROUTINE Fun_SPLIT ( V, F, RCT, Vdot, P_VAR, D_VAR, Aout )
SUBROUTINE CalcStoichNum ( StoichNum )
SUBROUTINE Jac_SP ( V, F, RCT, JVS )
SUBROUTINE Jac_SP_Vec ( JVS, UV, JUV )
SUBROUTINE JacTR_SP_Vec ( JVS, UV, JTUV )
SUBROUTINE KppSolve ( JVS, X )
SUBROUTINE KppSolveTR ( JVS, X, XX )
SUBROUTINE Initialize ( )
SUBROUTINE Shuffle_user2kpp ( V_USER, V )
SUBROUTINE Shuffle_kpp2user ( V, V_USER )
SUBROUTINE Update_PHOTO ( )
SUBROUTINE GetMass ( CL, Mass )
SUBROUTINE ReactantProd ( V, F, ARP )
SUBROUTINE JacReactantProd ( V, F, JVRP )
