! ~~~~~~~~~~~~~~~~~~~~~~~~~~~~~~~~~~~~~~~~~~~~~~~~~~~~~~~~~~~~~~~~~~~~~~~~~
! 
! Log File with Human-Readable Information
! 
! Generated by KPP-3.4.0 symbolic chemistry Kinetics PreProcessor
!       (https:/github.com/KineticPreProcessor/KPP)
! KPP is distributed under GPL, the general public licence
!       (http://www.gnu.org/copyleft/gpl.html)
! (C) 1995-1997, V. Damian & A. Sandu, CGRER, Univ. Iowa
! (C) 1997-2022, A. Sandu, Michigan Tech, Virginia Tech
!     With important contributions from:
!        M. Damian,   Villanova University, Philadelphia, PA, USA
!        R. Sander,   Max-Planck Institute for Chemistry, Mainz, Germany
!        M. Long,     Renaissance Fiber, LLC, North Carolina, USA
!        H. Lin,      Harvard University, Cambridge, MA, USA
!        R. Yantosca, Harvard University, Cambridge, MA, USA
!        P.O. Sturm,  Univ. of Southern California, Los Angeles, CA, USA
! 
! File                 : MOZART_T1.log
! Equation file        : MOZART_T1.kpp
! Output root filename : MOZART_T1
! 
! ~~~~~~~~~~~~~~~~~~~~~~~~~~~~~~~~~~~~~~~~~~~~~~~~~~~~~~~~~~~~~~~~~~~~~~~~~



### Options -------------------------------------------

#DECLARE      - OFF
#DOUBLE       - ON
#DRIVER       - general
#DUMMYINDEX   - OFF
#EQNTAGS      - OFF
#FUNCTION     - AGGREGATE
#HESSIAN      - OFF
#INTEGRATOR   - rosenbrock
#JACOBIAN     - SPARSE_LU_ROW
#LANGUAGE     - Fortran90
#MEX          - ON
#MINVERSION   - none
#REORDER      - ON
#STOCHASTIC   - OFF
#STOICMAT     - ON
#GRAPH        - edgelist
#UPPERCASEF90 - OFF

### Parameters ----------------------------------------

! NSPEC - Number of chemical species
  INTEGER, PARAMETER :: NSPEC = 160 
! NVAR - Number of Variable species
  INTEGER, PARAMETER :: NVAR = 155 
! NVARACT - Number of Active species
  INTEGER, PARAMETER :: NVARACT = 144 
! NFIX - Number of Fixed species
  INTEGER, PARAMETER :: NFIX = 5 
! NREACT - Number of reactions
  INTEGER, PARAMETER :: NREACT = 360 
! NVARST - Starting of variables in conc. vect.
  INTEGER, PARAMETER :: NVARST = 1 
! NFIXST - Starting of fixed in conc. vect.
  INTEGER, PARAMETER :: NFIXST = 156 

### Species -------------------------------------------

Variable species
   1 = BENOOH (n)               53 = C2H5OOH (r)             105 = C3H7O2 (r)             
   2 = SO4 (n)                  54 = PHENOOH (r)             106 = O1D (r)                
   3 = SOAG0 (n)                55 = ROOH (r)                107 = CH3OH (r)              
   4 = SOAG1 (n)                56 = C3H7OOH (r)             108 = C2H5O2 (r)             
   5 = SOAG2 (n)                57 = BIGALD4 (r)             109 = GLYOXAL (r)            
   6 = SOAG3 (n)                58 = BIGALK (r)              110 = NC4CHO (r)             
   7 = SOAG4 (n)                59 = BIGENE (r)              111 = BIGALD (r)             
   8 = IVOC (r)                 60 = C2H4 (r)                112 = MBONO3O2 (r)           
   9 = SVOC (r)                 61 = CH3COOH (r)             113 = HMPROP (r)             
  10 = RO2_RO2 (n)              62 = ISOPNOOH (r)            114 = ISOP (r)               
  11 = RO2_HO2 (n)              63 = XYLOLOOH (r)            115 = LIMON (r)              
  12 = RO2_NO (n)               64 = BZOO (r)                116 = APIN (r)               
  13 = VOC_OH (n)               65 = HOCH2OO (r)             117 = BCARY (r)              
  14 = NH3 (r)                  66 = PHENO2 (r)              118 = BPIN (r)               
  15 = C2H6 (r)                 67 = BENZOOH (r)             119 = NOA (r)                
  16 = C3H8 (r)                 68 = CH3COOOH (r)            120 = MYRC (r)               
  17 = CH3CN (r)                69 = BIGALD1 (r)             121 = ALKO2 (r)              
  18 = N2O (r)                  70 = HNO3 (r)                122 = CH3COCH3 (r)           
  19 = SO2 (r)                  71 = PAN (r)                 123 = CO (r)                 
  20 = EOOH (r)                 72 = ISOPNITB (r)            124 = GLYALD (r)             
  21 = IEPOX (r)                73 = PHENO (r)               125 = MBOO2 (r)              
  22 = ONITR (r)                74 = POOH (r)                126 = TERPROD2 (r)           
  23 = PBZNIT (r)               75 = TERPOOH (r)             127 = TERP2O2 (r)            
  24 = C2H2 (r)                 76 = BENZO2 (r)              128 = C3H6 (r)               
  25 = BENZENE (r)              77 = XYLOLO2 (r)             129 = CH3CHO (r)             
  26 = BEPOMUC (r)              78 = MEK (r)                 130 = MDIALO2 (r)            
  27 = PHENOL (r)               79 = HMPROPO2 (r)            131 = TERPO2 (r)             
  28 = HCN (r)                  80 = TERPNIT (r)             132 = NTERPO2 (r)            
  29 = N2O5 (r)                 81 = ACBZO2 (r)              133 = TERPROD1 (r)           
  30 = TOLUENE (r)              82 = H2 (r)                  134 = RO2 (r)                
  31 = CRESOL (r)               83 = MBOOOH (r)              135 = O (r)                  
  32 = TEPOMUC (r)              84 = MPAN (r)                136 = HYAC (r)               
  33 = XOOH (r)                 85 = ISOPNITA (r)            137 = HONITR (r)             
  34 = XYLENES (r)              86 = ENEO2 (r)               138 = CH3COCHO (r)           
  35 = XYLOL (r)                87 = CH4 (r)                 139 = XO2 (r)                
  36 = DMS (r)                  88 = TERP2OOH (r)            140 = ISOPAO2 (r)            
  37 = HPALD (r)                89 = TOLOOH (r)              141 = ISOPBO2 (r)            
  38 = BZALD (r)                90 = EO2 (r)                 142 = ISOPNO3 (r)            
  39 = H2O2 (r)                 91 = BIGALD3 (r)             143 = MACR (r)               
  40 = C2H5OH (r)               92 = C6H5O2 (r)              144 = MVK (r)                
  41 = C6H5OOH (r)              93 = ALKNIT (r)              145 = MACRO2 (r)             
  42 = EO (r)                   94 = ALKOOH (r)              146 = CH2O (r)               
  43 = BENO2 (r)                95 = MEKO2 (r)               147 = NO2 (r)                
  44 = BIGALD2 (r)              96 = PO2 (r)                 148 = OH (r)                 
  45 = HO2NO2 (r)               97 = ISOPOOH (r)             149 = HO2 (r)                
  46 = HYDRALD (r)              98 = XYLENOOH (r)            150 = NO3 (r)                
  47 = CH3OOH (r)               99 = TOLO2 (r)               151 = O3 (r)                 
  48 = MACROOH (r)             100 = MALO2 (r)               152 = CH3CO3 (r)             
  49 = MEKOOH (r)              101 = XYLENO2 (r)             153 = NO (r)                 
  50 = BZOOH (r)               102 = DICARBO2 (r)            154 = MCO3 (r)               
  51 = NC4CH2OH (r)            103 = HCOOH (r)               155 = CH3O2 (r)              
  52 = NTERPOOH (r)            104 = MBO (r)                

Fixed species
   1 = M (r)                     3 = O2 (r)                    5 = CO2 (n)                
   2 = H2O (r)                   4 = N2 (r)                 

### Subroutines ---------------------------------------

SUBROUTINE Fun ( V, F, RCT, Vdot, Aout )
SUBROUTINE Fun_SPLIT ( V, F, RCT, Vdot, P_VAR, D_VAR, Aout )
SUBROUTINE CalcStoichNum ( StoichNum )
SUBROUTINE Jac_SP ( V, F, RCT, JVS )
SUBROUTINE Jac_SP_Vec ( JVS, UV, JUV )
SUBROUTINE JacTR_SP_Vec ( JVS, UV, JTUV )
SUBROUTINE KppSolve ( JVS, X )
SUBROUTINE KppSolveTR ( JVS, X, XX )
SUBROUTINE Initialize ( )
SUBROUTINE Shuffle_user2kpp ( V_USER, V )
SUBROUTINE Shuffle_kpp2user ( V, V_USER )
SUBROUTINE Update_PHOTO ( )
SUBROUTINE GetMass ( CL, Mass )
SUBROUTINE ReactantProd ( V, F, ARP )
SUBROUTINE JacReactantProd ( V, F, JVRP )
